core_cm0.h:515:22:NVIC_EnableIRQ	16	static
core_cm0.h:527:22:NVIC_DisableIRQ	16	static
core_cm0.h:582:22:NVIC_SetPriority	24	static
core_cm0.h:656:26:SysTick_Config	16	static
sysctl_11xx.h:159:20:Chip_SYSCTL_AssertPeriphReset	16	static
sysctl_11xx.h:169:20:Chip_SYSCTL_DeassertPeriphReset	16	static
sysctl_11xx.h:179:20:Chip_SYSCTL_PeriphReset	16	static
i2c.c:42:13:Init_I2C_PinMux	8	static
i2c.c:58:13:i2c_state_handling	16	static
i2c.c:69:13:con_print_data	24	static
i2c.c:85:12:con_get_input	48	static
i2c.c:148:13:i2c_rw_input	24	static
i2c.c:180:13:i2c_set_mode	16	static
i2c.c:195:13:i2c_app_init	16	static
i2c.c:208:13:i2c_probe_slaves	32	static
i2c.c:235:12:i2c_menu	8	static
i2c.c:242:13:i2c_eeprom_update_state	24	static
i2c.c:249:13:i2c_eeprom_events	16	static
i2c.c:286:13:i2c_eeprom_init	24	static
i2c.c:298:6:i2c_iox_update_regs	16	static
i2c.c:315:13:i2c_iox_events	16	static
i2c.c:341:13:i2c_iox_init	24	static
i2c.c:374:6:I2C_IRQHandler	8	static
i2c.c:382:9:vReadValueSensorTask	16	static
