Archive member included to satisfy reference by file (symbol)

C:\Users\Admin\Documents\MCUXpressoIDE_11.2.0_4120\workspace\nxp_lpcxpresso_11u37h_board_lib\Debug\libnxp_lpcxpresso_11u37h_board_lib.a(board.o)
                              ./example/src/i2c.o (Board_UARTGetChar)
C:\Users\Admin\Documents\MCUXpressoIDE_11.2.0_4120\workspace\nxp_lpcxpresso_11u37h_board_lib\Debug\libnxp_lpcxpresso_11u37h_board_lib.a(board_sysinit.o)
                              ./example/src/sysinit.o (Board_SystemInit)
C:\Users\Admin\Documents\MCUXpressoIDE_11.2.0_4120\workspace\lpc_chip_11uxx_lib\Debug\liblpc_chip_11uxx_lib.a(chip_11xx.o)
                              ./freertos/src/port.o (SystemCoreClock)
C:\Users\Admin\Documents\MCUXpressoIDE_11.2.0_4120\workspace\lpc_chip_11uxx_lib\Debug\liblpc_chip_11uxx_lib.a(clock_11xx.o)
                              C:\Users\Admin\Documents\MCUXpressoIDE_11.2.0_4120\workspace\nxp_lpcxpresso_11u37h_board_lib\Debug\libnxp_lpcxpresso_11u37h_board_lib.a(board_sysinit.o) (Chip_Clock_SetSystemPLLSource)
C:\Users\Admin\Documents\MCUXpressoIDE_11.2.0_4120\workspace\lpc_chip_11uxx_lib\Debug\liblpc_chip_11uxx_lib.a(gpio_11xx_1.o)
                              C:\Users\Admin\Documents\MCUXpressoIDE_11.2.0_4120\workspace\nxp_lpcxpresso_11u37h_board_lib\Debug\libnxp_lpcxpresso_11u37h_board_lib.a(board.o) (Chip_GPIO_Init)
C:\Users\Admin\Documents\MCUXpressoIDE_11.2.0_4120\workspace\lpc_chip_11uxx_lib\Debug\liblpc_chip_11uxx_lib.a(i2c_11xx.o)
                              ./example/src/i2c.o (Chip_I2C_EventHandler)
C:\Users\Admin\Documents\MCUXpressoIDE_11.2.0_4120\workspace\lpc_chip_11uxx_lib\Debug\liblpc_chip_11uxx_lib.a(iocon_11xx.o)
                              ./example/src/i2c.o (Chip_IOCON_PinMuxSet)
C:\Users\Admin\Documents\MCUXpressoIDE_11.2.0_4120\workspace\lpc_chip_11uxx_lib\Debug\liblpc_chip_11uxx_lib.a(sysctl_11xx.o)
                              C:\Users\Admin\Documents\MCUXpressoIDE_11.2.0_4120\workspace\nxp_lpcxpresso_11u37h_board_lib\Debug\libnxp_lpcxpresso_11u37h_board_lib.a(board_sysinit.o) (Chip_SYSCTL_PowerDown)
C:\Users\Admin\Documents\MCUXpressoIDE_11.2.0_4120\workspace\lpc_chip_11uxx_lib\Debug\liblpc_chip_11uxx_lib.a(uart_11xx.o)
                              C:\Users\Admin\Documents\MCUXpressoIDE_11.2.0_4120\workspace\nxp_lpcxpresso_11u37h_board_lib\Debug\libnxp_lpcxpresso_11u37h_board_lib.a(board.o) (Chip_UART_Init)
C:\Users\Admin\Documents\MCUXpressoIDE_11.2.0_4120\workspace\lpc_chip_11uxx_lib\Debug\liblpc_chip_11uxx_lib.a(ring_buffer.o)
                              C:\Users\Admin\Documents\MCUXpressoIDE_11.2.0_4120\workspace\lpc_chip_11uxx_lib\Debug\liblpc_chip_11uxx_lib.a(uart_11xx.o) (RingBuffer_Insert)
c:/nxp/mcuxpressoide_11.2.0_4120/ide/plugins/com.nxp.mcuxpresso.tools.win32_11.2.0.202001021529/tools/bin/../lib/gcc/arm-none-eabi/9.2.1/../../../../arm-none-eabi/lib/thumb/v6-m/nofp\libcr_nohost.a(_cr__main.o)
                              ./example/src/cr_startup_lpc11xx.o (__main)
c:/nxp/mcuxpressoide_11.2.0_4120/ide/plugins/com.nxp.mcuxpresso.tools.win32_11.2.0.202001021529/tools/bin/../lib/gcc/arm-none-eabi/9.2.1/../../../../arm-none-eabi/lib/thumb/v6-m/nofp\libcr_c.a(memcpy.o)
                              ./freertos/src/queue.o (memcpy)
c:/nxp/mcuxpressoide_11.2.0_4120/ide/plugins/com.nxp.mcuxpresso.tools.win32_11.2.0.202001021529/tools/bin/../lib/gcc/arm-none-eabi/9.2.1/../../../../arm-none-eabi/lib/thumb/v6-m/nofp\libcr_c.a(memset.o)
                              ./freertos/src/tasks.o (memset)
c:/nxp/mcuxpressoide_11.2.0_4120/ide/plugins/com.nxp.mcuxpresso.tools.win32_11.2.0.202001021529/tools/bin/../lib/gcc/arm-none-eabi/9.2.1/../../../../arm-none-eabi/lib/thumb/v6-m/nofp\libcr_c.a(fpprintf.o)
                              ./freertos/src/FreeRTOSCommonHooks.o (printf)
c:/nxp/mcuxpressoide_11.2.0_4120/ide/plugins/com.nxp.mcuxpresso.tools.win32_11.2.0.202001021529/tools/bin/../lib/gcc/arm-none-eabi/9.2.1/../../../../arm-none-eabi/lib/thumb/v6-m/nofp\libcr_c.a(initio.o)
                              c:/nxp/mcuxpressoide_11.2.0_4120/ide/plugins/com.nxp.mcuxpresso.tools.win32_11.2.0.202001021529/tools/bin/../lib/gcc/arm-none-eabi/9.2.1/../../../../arm-none-eabi/lib/thumb/v6-m/nofp\libcr_nohost.a(_cr__main.o) (_initio)
c:/nxp/mcuxpressoide_11.2.0_4120/ide/plugins/com.nxp.mcuxpresso.tools.win32_11.2.0.202001021529/tools/bin/../lib/gcc/arm-none-eabi/9.2.1/../../../../arm-none-eabi/lib/thumb/v6-m/nofp\libcr_c.a(memcmp.o)
                              ./freertos/src/tasks.o (memcmp)
c:/nxp/mcuxpressoide_11.2.0_4120/ide/plugins/com.nxp.mcuxpresso.tools.win32_11.2.0.202001021529/tools/bin/../lib/gcc/arm-none-eabi/9.2.1/../../../../arm-none-eabi/lib/thumb/v6-m/nofp\libcr_c.a(printf.o)
                              c:/nxp/mcuxpressoide_11.2.0_4120/ide/plugins/com.nxp.mcuxpresso.tools.win32_11.2.0.202001021529/tools/bin/../lib/gcc/arm-none-eabi/9.2.1/../../../../arm-none-eabi/lib/thumb/v6-m/nofp\libcr_c.a(fpprintf.o) (__vfprintf)
[...]
Memory Configuration

Name             Origin             Length             Attributes
MFlash128        0x00000000         0x00020000         xr
RamLoc8          0x10000000         0x00002000         xrw
RamUsb2          0x20004000         0x00000800         xrw
*default*        0x00000000         0xffffffff

Linker script and memory map

LOAD ./freertos/src/FreeRTOSCommonHooks.o
LOAD ./freertos/src/croutine.o
LOAD ./freertos/src/heap_1.o
LOAD ./freertos/src/list.o
LOAD ./freertos/src/port.o
LOAD ./freertos/src/queue.o
LOAD ./freertos/src/tasks.o
LOAD ./freertos/src/timers.o
LOAD ./example/src/FreeRTOS_CLI.o
LOAD ./example/src/FreeRTOS_DriverInterface.o
LOAD ./example/src/FreeRTOS_IOUtils.o
LOAD ./example/src/IOUtils_CharQueueTxAndRx.o
LOAD ./example/src/IOUtils_CircularBufferRx.o
LOAD ./example/src/IOUtils_ZeroCopyTx.o
LOAD ./example/src/cr_startup_lpc11xx.o
LOAD ./example/src/freertos_blinky.o
LOAD ./example/src/i2c.o
LOAD ./example/src/sysinit.o
LOAD C:\Users\Admin\Documents\MCUXpressoIDE_11.2.0_4120\workspace\nxp_lpcxpresso_11u37h_board_lib\Debug\libnxp_lpcxpresso_11u37h_board_lib.a
LOAD C:\Users\Admin\Documents\MCUXpressoIDE_11.2.0_4120\workspace\lpc_chip_11uxx_lib\Debug\liblpc_chip_11uxx_lib.a
START GROUP
LOAD c:/nxp/mcuxpressoide_11.2.0_4120/ide/plugins/com.nxp.mcuxpresso.tools.win32_11.2.0.202001021529/tools/bin/../lib/gcc/arm-none-eabi/9.2.1/../../../../arm-none-eabi/lib/thumb/v6-m/nofp\libcr_nohost.a
LOAD c:/nxp/mcuxpressoide_11.2.0_4120/ide/plugins/com.nxp.mcuxpresso.tools.win32_11.2.0.202001021529/tools/bin/../lib/gcc/arm-none-eabi/9.2.1/../../../../arm-none-eabi/lib/thumb/v6-m/nofp\libcr_c.a
LOAD c:/nxp/mcuxpressoide_11.2.0_4120/ide/plugins/com.nxp.mcuxpresso.tools.win32_11.2.0.202001021529/tools/bin/../lib/gcc/arm-none-eabi/9.2.1/thumb/v6-m/nofp\libcr_eabihelpers.a
LOAD c:/nxp/mcuxpressoide_11.2.0_4120/ide/plugins/com.nxp.mcuxpresso.tools.win32_11.2.0.202001021529/tools/bin/../lib/gcc/arm-none-eabi/9.2.1/thumb/v6-m/nofp\libgcc.a
END GROUP
                0x00000000                __base_MFlash128 = 0x0
                0x00000000                __base_Flash = 0x0
                0x00020000                __top_MFlash128 = 0x20000
                0x00020000                __top_Flash = 0x20000
                0x10000000                __base_RamLoc8 = 0x10000000
                0x10000000                __base_RAM = 0x10000000
                0x10002000                __top_RamLoc8 = 0x10002000
                0x10002000                __top_RAM = 0x10002000
                0x20004000                __base_RamUsb2 = 0x20004000
                0x20004000                __base_RAM2 = 0x20004000
                0x20004800                __top_RamUsb2 = 0x20004800
                0x20004800                __top_RAM2 = 0x20004800

.text           0x00000000     0x6768
 FILL mask 0xff
                0x00000000                __vectors_start__ = ABSOLUTE (.)
 *(.isr_vector)
 .isr_vector    0x00000000       0xc0 ./example/src/cr_startup_lpc11xx.o
                0x00000000                g_pfnVectors
                0x000000c0                . = ALIGN (0x4)
                0x000000c0                __section_table_start = .
                0x000000c0                __data_section_table = .
                0x000000c0        0x4 LONG 0x6768 LOADADDR (.data)
                0x000000c4        0x4 LONG 0x10000000 ADDR (.data)
                0x000000c8        0x4 LONG 0x28 SIZEOF (.data)
                0x000000cc        0x4 LONG 0x6768 LOADADDR (.data_RAM2)
                0x000000d0        0x4 LONG 0x20004000 ADDR (.data_RAM2)
                0x000000d4        0x4 LONG 0x0 SIZEOF (.data_RAM2)
                0x000000d8                __data_section_table_end = .
                0x000000d8                __bss_section_table = .
                0x000000d8        0x4 LONG 0x10000028 ADDR (.bss)
                0x000000dc        0x4 LONG 0xbf0 SIZEOF (.bss)
                0x000000e0        0x4 LONG 0x20004000 ADDR (.bss_RAM2)
                0x000000e4        0x4 LONG 0x0 SIZEOF (.bss_RAM2)
                0x000000e8                __bss_section_table_end = .
                0x000000e8                __section_table_end = .
 *(.after_vectors*)
 .after_vectors
                0x000000e8       0x78 ./example/src/cr_startup_lpc11xx.o
                0x000000e8                NMI_Handler
                0x000000ea                HardFault_Handler
                0x000000f2                TIMER16_0_IRQHandler
                0x000000f2                TIMER32_0_IRQHandler
                0x000000f2                FLEX_INT7_IRQHandler
                0x000000f2                FMC_IRQHandler
                0x000000f2                TIMER32_1_IRQHandler
                0x000000f2                USART_IRQHandler
                0x000000f2                FLEX_INT1_IRQHandler
                0x000000f2                IntDefaultHandler
                0x000000f2                SSP0_IRQHandler
                0x000000f2                USBWakeup_IRQHandler
                0x000000f2                FLEX_INT6_IRQHandler
                0x000000f2                FLEX_INT0_IRQHandler
                0x000000f2                FLEX_INT2_IRQHandler
                0x000000f2                TIMER16_1_IRQHandler
                0x000000f2                USB_FIQHandler
                0x000000f2                FLEX_INT5_IRQHandler
                0x000000f2                ADC_IRQHandler
                0x000000f2                SSP1_IRQHandler
                0x000000f2                FLEX_INT3_IRQHandler
                0x000000f2                USB_IRQHandler
                0x000000f2                BOD_IRQHandler
                0x000000f2                IOH_IRQHandler
                0x000000f2                WDT_IRQHandler
                0x000000f2                GINT0_IRQHandler
                0x000000f2                FLEX_INT4_IRQHandler
                0x000000f2                GINT1_IRQHandler
                0x000000f4                data_init
                0x0000010a                bss_init
                0x0000011e                ResetISR
 *(.text*)
 .text.vApplicationMallocFailedHook
                0x00000160       0x14 ./freertos/src/FreeRTOSCommonHooks.o
                0x00000160                vApplicationMallocFailedHook
 .text.vApplicationIdleHook
                0x00000174        0xe ./freertos/src/FreeRTOSCommonHooks.o
                0x00000174                vApplicationIdleHook
 *fill*         0x00000182        0x2 ff
 .text.vApplicationStackOverflowHook
                0x00000184       0x20 ./freertos/src/FreeRTOSCommonHooks.o
                0x00000184                vApplicationStackOverflowHook
 .text.pvPortMalloc
                0x000001a4       0x94 ./freertos/src/heap_1.o
                0x000001a4                pvPortMalloc
 .text.vPortFree
                0x00000238       0x1a ./freertos/src/heap_1.o
                0x00000238                vPortFree
 .text.vListInitialise
                0x00000252       0x3c ./freertos/src/list.o
                0x00000252                vListInitialise
 .text.vListInitialiseItem
                0x0000028e       0x16 ./freertos/src/list.o
                0x0000028e                vListInitialiseItem
 .text.vListInsertEnd
                0x000002a4       0x44 ./freertos/src/list.o
                0x000002a4                vListInsertEnd
 .text.vListInsert
                0x000002e8       0x6c ./freertos/src/list.o
                0x000002e8                vListInsert
 .text.uxListRemove
                0x00000354       0x50 ./freertos/src/list.o
                0x00000354                uxListRemove
 .text.pxPortInitialiseStack
                0x000003a4       0x54 ./freertos/src/port.o
                0x000003a4                pxPortInitialiseStack
 .text.prvTaskExitError
                0x000003f8       0x18 ./freertos/src/port.o
 .text.SVC_Handler
                0x00000410       0x2c ./freertos/src/port.o
                0x00000410                SVC_Handler
 .text.vPortStartFirstTask
                0x0000043c        0x8 ./freertos/src/port.o
 .text.xPortStartScheduler
                0x00000444       0x40 ./freertos/src/port.o
                0x00000444                xPortStartScheduler
 .text.vPortYield
                0x00000484       0x20 ./freertos/src/port.o
                0x00000484                vPortYield
 .text.vPortEnterCritical
                0x000004a4       0x24 ./freertos/src/port.o
                0x000004a4                vPortEnterCritical
 .text.vPortExitCritical
                0x000004c8       0x24 ./freertos/src/port.o
                0x000004c8                vPortExitCritical
 .text.ulSetInterruptMaskFromISR
                0x000004ec        0xc ./freertos/src/port.o
                0x000004ec                ulSetInterruptMaskFromISR
 .text.vClearInterruptMaskFromISR
                0x000004f8        0x8 ./freertos/src/port.o
                0x000004f8                vClearInterruptMaskFromISR
 .text.PendSV_Handler
                0x00000500       0x48 ./freertos/src/port.o
                0x00000500                PendSV_Handler
 .text.SysTick_Handler
                0x00000548       0x34 ./freertos/src/port.o
                0x00000548                SysTick_Handler
 .text.prvSetupTimerInterrupt
                0x0000057c       0x34 ./freertos/src/port.o
 .text.xTaskGenericCreate
                0x000005b0      0x174 ./freertos/src/tasks.o
                0x000005b0                xTaskGenericCreate
 .text.vTaskDelay
                0x00000724       0x58 ./freertos/src/tasks.o
                0x00000724                vTaskDelay
 .text.vTaskStartScheduler
                0x0000077c       0x64 ./freertos/src/tasks.o
                0x0000077c                vTaskStartScheduler
 .text.vTaskSuspendAll
                0x000007e0       0x18 ./freertos/src/tasks.o
                0x000007e0                vTaskSuspendAll
 .text.xTaskResumeAll
                0x000007f8      0x108 ./freertos/src/tasks.o
                0x000007f8                xTaskResumeAll
 .text.xTaskIncrementTick
                0x00000900      0x198 ./freertos/src/tasks.o
                0x00000900                xTaskIncrementTick
 .text.vTaskSwitchContext
                0x00000a98       0xec ./freertos/src/tasks.o
                0x00000a98                vTaskSwitchContext
 .text.prvIdleTask
                0x00000b84       0x24 ./freertos/src/tasks.o
 .text.prvInitialiseTCBVariables
                0x00000ba8       0x9a ./freertos/src/tasks.o
 *fill*         0x00000c42        0x2 ff
 .text.prvInitialiseTaskLists
                0x00000c44       0x88 ./freertos/src/tasks.o
 .text.prvCheckTasksWaitingTermination
                0x00000ccc       0x78 ./freertos/src/tasks.o
 .text.prvAddCurrentTaskToDelayedList
                0x00000d44       0x6c ./freertos/src/tasks.o
 .text.prvAllocateTCBAndStack
                0x00000db0       0x6c ./freertos/src/tasks.o
 .text.prvDeleteTCB
                0x00000e1c       0x22 ./freertos/src/tasks.o
 .text.prvSetupHardware
                0x00000e3e       0x12 ./example/src/freertos_blinky.o
 .text.vLEDTask0
                0x00000e50       0x6a ./example/src/freertos_blinky.o
 .text.vI2CTask1
                0x00000eba       0x14 ./example/src/freertos_blinky.o
 *fill*         0x00000ece        0x2 ff
 .text.main     0x00000ed0       0x60 ./example/src/freertos_blinky.o
                0x00000ed0                main
 .text.NVIC_EnableIRQ
                0x00000f30       0x2c ./example/src/i2c.o
 .text.NVIC_DisableIRQ
                0x00000f5c       0x30 ./example/src/i2c.o
 .text.NVIC_SetPriority
                0x00000f8c       0xdc ./example/src/i2c.o
 .text.SysTick_Config
                0x00001068       0x48 ./example/src/i2c.o
 .text.Chip_SYSCTL_AssertPeriphReset
                0x000010b0       0x30 ./example/src/i2c.o
 .text.Chip_SYSCTL_DeassertPeriphReset
                0x000010e0       0x30 ./example/src/i2c.o
 .text.Chip_SYSCTL_PeriphReset
                0x00001110       0x28 ./example/src/i2c.o
 .text.Init_I2C_PinMux
                0x00001138       0x2c ./example/src/i2c.o
 .text.i2c_state_handling
                0x00001164       0x38 ./example/src/i2c.o
 .text.con_print_data
                0x0000119c       0x6c ./example/src/i2c.o
 .text.con_get_input
                0x00001208      0x120 ./example/src/i2c.o
 .text.i2c_rw_input
                0x00001328       0xd0 ./example/src/i2c.o
 .text.i2c_set_mode
                0x000013f8       0x7c ./example/src/i2c.o
 .text.i2c_app_init
                0x00001474       0x3e ./example/src/i2c.o
 *fill*         0x000014b2        0x2 ff
 .text.i2c_probe_slaves
                0x000014b4       0xcc ./example/src/i2c.o
 .text.i2c_menu
                0x00001580       0x50 ./example/src/i2c.o
 .text.i2c_eeprom_update_state
                0x000015d0       0x42 ./example/src/i2c.o
 *fill*         0x00001612        0x2 ff
 .text.i2c_eeprom_events
                0x00001614       0xf0 ./example/src/i2c.o
 .text.i2c_eeprom_init
                0x00001704       0x64 ./example/src/i2c.o
 .text.i2c_iox_update_regs
                0x00001768       0x90 ./example/src/i2c.o
                0x00001768                i2c_iox_update_regs
 .text.i2c_iox_events
                0x000017f8       0x84 ./example/src/i2c.o
 .text.i2c_iox_init
                0x0000187c       0x64 ./example/src/i2c.o
 .text.I2C_IRQHandler
                0x000018e0       0x10 ./example/src/i2c.o
                0x000018e0                I2C_IRQHandler
 .text.vReadValueSensorTask
                0x000018f0      0x1c8 ./example/src/i2c.o
                0x000018f0                vReadValueSensorTask
 .text.SystemInit
                0x00001ab8        0xe ./example/src/sysinit.o
                0x00001ab8                SystemInit
 .text.Chip_UART_TXEnable
                0x00001ac6       0x16 C:\Users\Admin\Documents\MCUXpressoIDE_11.2.0_4120\workspace\nxp_lpcxpresso_11u37h_board_lib\Debug\libnxp_lpcxpresso_11u37h_board_lib.a(board.o)
 .text.Chip_UART_SetupFIFOS
                0x00001adc       0x18 C:\Users\Admin\Documents\MCUXpressoIDE_11.2.0_4120\workspace\nxp_lpcxpresso_11u37h_board_lib\Debug\libnxp_lpcxpresso_11u37h_board_lib.a(board.o)
 .text.Chip_UART_ConfigData
                0x00001af4       0x18 C:\Users\Admin\Documents\MCUXpressoIDE_11.2.0_4120\workspace\nxp_lpcxpresso_11u37h_board_lib\Debug\libnxp_lpcxpresso_11u37h_board_lib.a(board.o)
 .text.Chip_GPIO_SetPinState
                0x00001b0c       0x3e C:\Users\Admin\Documents\MCUXpressoIDE_11.2.0_4120\workspace\nxp_lpcxpresso_11u37h_board_lib\Debug\libnxp_lpcxpresso_11u37h_board_lib.a(board.o)
 .text.Chip_GPIO_GetPinState
                0x00001b4a       0x38 C:\Users\Admin\Documents\MCUXpressoIDE_11.2.0_4120\workspace\nxp_lpcxpresso_11u37h_board_lib\Debug\libnxp_lpcxpresso_11u37h_board_lib.a(board.o)
 .text.Chip_GPIO_SetPinDIROutput
                0x00001b82       0x50 C:\Users\Admin\Documents\MCUXpressoIDE_11.2.0_4120\workspace\nxp_lpcxpresso_11u37h_board_lib\Debug\libnxp_lpcxpresso_11u37h_board_lib.a(board.o)
 .text.Chip_GPIO_SetPinDIRInput
                0x00001bd2       0x52 C:\Users\Admin\Documents\MCUXpressoIDE_11.2.0_4120\workspace\nxp_lpcxpresso_11u37h_board_lib\Debug\libnxp_lpcxpresso_11u37h_board_lib.a(board.o)
 .text.__sys_write
                0x00001c24       0x38 C:\Users\Admin\Documents\MCUXpressoIDE_11.2.0_4120\workspace\nxp_lpcxpresso_11u37h_board_lib\Debug\libnxp_lpcxpresso_11u37h_board_lib.a(board.o)
                0x00001c24                __sys_write
 .text.Board_UARTPutChar
                0x00001c5c       0x24 C:\Users\Admin\Documents\MCUXpressoIDE_11.2.0_4120\workspace\nxp_lpcxpresso_11u37h_board_lib\Debug\libnxp_lpcxpresso_11u37h_board_lib.a(board.o)
                0x00001c5c                Board_UARTPutChar
 .text.Board_UARTGetChar
                0x00001c80       0x30 C:\Users\Admin\Documents\MCUXpressoIDE_11.2.0_4120\workspace\nxp_lpcxpresso_11u37h_board_lib\Debug\libnxp_lpcxpresso_11u37h_board_lib.a(board.o)
                0x00001c80                Board_UARTGetChar
 .text.Board_UARTPutSTR
                0x00001cb0       0x2a C:\Users\Admin\Documents\MCUXpressoIDE_11.2.0_4120\workspace\nxp_lpcxpresso_11u37h_board_lib\Debug\libnxp_lpcxpresso_11u37h_board_lib.a(board.o)
                0x00001cb0                Board_UARTPutSTR
 *fill*         0x00001cda        0x2 ff
 .text.Board_Debug_Init
                0x00001cdc       0x5c C:\Users\Admin\Documents\MCUXpressoIDE_11.2.0_4120\workspace\nxp_lpcxpresso_11u37h_board_lib\Debug\libnxp_lpcxpresso_11u37h_board_lib.a(board.o)
                0x00001cdc                Board_Debug_Init
 .text.Board_LED_Init
                0x00001d38       0x60 C:\Users\Admin\Documents\MCUXpressoIDE_11.2.0_4120\workspace\nxp_lpcxpresso_11u37h_board_lib\Debug\libnxp_lpcxpresso_11u37h_board_lib.a(board.o)
 .text.Board_LED_Set
                0x00001d98       0x5c C:\Users\Admin\Documents\MCUXpressoIDE_11.2.0_4120\workspace\nxp_lpcxpresso_11u37h_board_lib\Debug\libnxp_lpcxpresso_11u37h_board_lib.a(board.o)
                0x00001d98                Board_LED_Set
 .text.Board_Init
                0x00001df4       0x1c C:\Users\Admin\Documents\MCUXpressoIDE_11.2.0_4120\workspace\nxp_lpcxpresso_11u37h_board_lib\Debug\libnxp_lpcxpresso_11u37h_board_lib.a(board.o)
                0x00001df4                Board_Init
 .text.Board_Buttons_Init
                0x00001e10       0x26 C:\Users\Admin\Documents\MCUXpressoIDE_11.2.0_4120\workspace\nxp_lpcxpresso_11u37h_board_lib\Debug\libnxp_lpcxpresso_11u37h_board_lib.a(board.o)
                0x00001e10                Board_Buttons_Init
 .text.Buttons_GetStatus
                0x00001e36       0x68 C:\Users\Admin\Documents\MCUXpressoIDE_11.2.0_4120\workspace\nxp_lpcxpresso_11u37h_board_lib\Debug\libnxp_lpcxpresso_11u37h_board_lib.a(board.o)
                0x00001e36                Buttons_GetStatus
 *fill*         0x00001e9e        0x2 ff
 .text.Chip_FMC_SetFLASHAccess
                0x00001ea0       0x30 C:\Users\Admin\Documents\MCUXpressoIDE_11.2.0_4120\workspace\nxp_lpcxpresso_11u37h_board_lib\Debug\libnxp_lpcxpresso_11u37h_board_lib.a(board_sysinit.o)
 .text.Chip_Clock_SetupSystemPLL
                0x00001ed0       0x38 C:\Users\Admin\Documents\MCUXpressoIDE_11.2.0_4120\workspace\nxp_lpcxpresso_11u37h_board_lib\Debug\libnxp_lpcxpresso_11u37h_board_lib.a(board_sysinit.o)
 .text.Chip_Clock_IsSystemPLLLocked
                0x00001f08       0x1c C:\Users\Admin\Documents\MCUXpressoIDE_11.2.0_4120\workspace\nxp_lpcxpresso_11u37h_board_lib\Debug\libnxp_lpcxpresso_11u37h_board_lib.a(board_sysinit.o)
 .text.Chip_Clock_SetupUSBPLL
                0x00001f24       0x38 C:\Users\Admin\Documents\MCUXpressoIDE_11.2.0_4120\workspace\nxp_lpcxpresso_11u37h_board_lib\Debug\libnxp_lpcxpresso_11u37h_board_lib.a(board_sysinit.o)
 .text.Chip_Clock_IsUSBPLLLocked
                0x00001f5c       0x1c C:\Users\Admin\Documents\MCUXpressoIDE_11.2.0_4120\workspace\nxp_lpcxpresso_11u37h_board_lib\Debug\libnxp_lpcxpresso_11u37h_board_lib.a(board_sysinit.o)
 .text.Chip_Clock_SetSysClockDiv
                0x00001f78       0x1c C:\Users\Admin\Documents\MCUXpressoIDE_11.2.0_4120\workspace\nxp_lpcxpresso_11u37h_board_lib\Debug\libnxp_lpcxpresso_11u37h_board_lib.a(board_sysinit.o)
 .text.Chip_Clock_EnablePeriphClock
                0x00001f94       0x30 C:\Users\Admin\Documents\MCUXpressoIDE_11.2.0_4120\workspace\nxp_lpcxpresso_11u37h_board_lib\Debug\libnxp_lpcxpresso_11u37h_board_lib.a(board_sysinit.o)
 .text.SystemSetupClocking
                0x00001fc4       0x94 C:\Users\Admin\Documents\MCUXpressoIDE_11.2.0_4120\workspace\nxp_lpcxpresso_11u37h_board_lib\Debug\libnxp_lpcxpresso_11u37h_board_lib.a(board_sysinit.o)
 .text.SystemSetupMuxing
                0x00002058       0x5c C:\Users\Admin\Documents\MCUXpressoIDE_11.2.0_4120\workspace\nxp_lpcxpresso_11u37h_board_lib\Debug\libnxp_lpcxpresso_11u37h_board_lib.a(board_sysinit.o)
 .text.Board_SystemInit
                0x000020b4       0x18 C:\Users\Admin\Documents\MCUXpressoIDE_11.2.0_4120\workspace\nxp_lpcxpresso_11u37h_board_lib\Debug\libnxp_lpcxpresso_11u37h_board_lib.a(board_sysinit.o)
                0x000020b4                Board_SystemInit
 .text.SystemCoreClockUpdate
                0x000020cc       0x18 C:\Users\Admin\Documents\MCUXpressoIDE_11.2.0_4120\workspace\lpc_chip_11uxx_lib\Debug\liblpc_chip_11uxx_lib.a(chip_11xx.o)
                0x000020cc                SystemCoreClockUpdate
 .text.Chip_Clock_GetMainOscRate
                0x000020e4       0x14 C:\Users\Admin\Documents\MCUXpressoIDE_11.2.0_4120\workspace\lpc_chip_11uxx_lib\Debug\liblpc_chip_11uxx_lib.a(clock_11xx.o)
 .text.Chip_Clock_GetIntOscRate
                0x000020f8       0x10 C:\Users\Admin\Documents\MCUXpressoIDE_11.2.0_4120\workspace\lpc_chip_11uxx_lib\Debug\liblpc_chip_11uxx_lib.a(clock_11xx.o)
 .text.Chip_Clock_GetWDTLFORate
                0x00002108       0x48 C:\Users\Admin\Documents\MCUXpressoIDE_11.2.0_4120\workspace\lpc_chip_11uxx_lib\Debug\liblpc_chip_11uxx_lib.a(clock_11xx.o)
 .text.Chip_Clock_GetPLLFreq
                0x00002150       0x22 C:\Users\Admin\Documents\MCUXpressoIDE_11.2.0_4120\workspace\lpc_chip_11uxx_lib\Debug\liblpc_chip_11uxx_lib.a(clock_11xx.o)
 *fill*         0x00002172        0x2 ff
 .text.Chip_Clock_SetSystemPLLSource
                0x00002174       0x2c C:\Users\Admin\Documents\MCUXpressoIDE_11.2.0_4120\workspace\lpc_chip_11uxx_lib\Debug\liblpc_chip_11uxx_lib.a(clock_11xx.o)
                0x00002174                Chip_Clock_SetSystemPLLSource
 .text.Chip_Clock_SetUSBPLLSource
                0x000021a0       0x2c C:\Users\Admin\Documents\MCUXpressoIDE_11.2.0_4120\workspace\lpc_chip_11uxx_lib\Debug\liblpc_chip_11uxx_lib.a(clock_11xx.o)
                0x000021a0                Chip_Clock_SetUSBPLLSource
 .text.Chip_Clock_SetMainClockSource
                0x000021cc       0x2c C:\Users\Admin\Documents\MCUXpressoIDE_11.2.0_4120\workspace\lpc_chip_11uxx_lib\Debug\liblpc_chip_11uxx_lib.a(clock_11xx.o)
                0x000021cc                Chip_Clock_SetMainClockSource
 .text.Chip_Clock_GetWDTOSCRate
                0x000021f8       0x1c C:\Users\Admin\Documents\MCUXpressoIDE_11.2.0_4120\workspace\lpc_chip_11uxx_lib\Debug\liblpc_chip_11uxx_lib.a(clock_11xx.o)
                0x000021f8                Chip_Clock_GetWDTOSCRate
 .text.Chip_Clock_GetSystemPLLInClockRate
                0x00002214       0x40 C:\Users\Admin\Documents\MCUXpressoIDE_11.2.0_4120\workspace\lpc_chip_11uxx_lib\Debug\liblpc_chip_11uxx_lib.a(clock_11xx.o)
                0x00002214                Chip_Clock_GetSystemPLLInClockRate
 .text.Chip_Clock_GetSystemPLLOutClockRate
                0x00002254       0x24 C:\Users\Admin\Documents\MCUXpressoIDE_11.2.0_4120\workspace\lpc_chip_11uxx_lib\Debug\liblpc_chip_11uxx_lib.a(clock_11xx.o)
                0x00002254                Chip_Clock_GetSystemPLLOutClockRate
 .text.Chip_Clock_GetMainClockRate
                0x00002278       0x64 C:\Users\Admin\Documents\MCUXpressoIDE_11.2.0_4120\workspace\lpc_chip_11uxx_lib\Debug\liblpc_chip_11uxx_lib.a(clock_11xx.o)
                0x00002278                Chip_Clock_GetMainClockRate
 .text.Chip_Clock_GetSystemClockRate
                0x000022dc       0x24 C:\Users\Admin\Documents\MCUXpressoIDE_11.2.0_4120\workspace\lpc_chip_11uxx_lib\Debug\liblpc_chip_11uxx_lib.a(clock_11xx.o)
                0x000022dc                Chip_Clock_GetSystemClockRate
 .text.Chip_Clock_EnablePeriphClock
                0x00002300       0x30 C:\Users\Admin\Documents\MCUXpressoIDE_11.2.0_4120\workspace\lpc_chip_11uxx_lib\Debug\liblpc_chip_11uxx_lib.a(gpio_11xx_1.o)
 .text.Chip_GPIO_Init
                0x00002330       0x16 C:\Users\Admin\Documents\MCUXpressoIDE_11.2.0_4120\workspace\lpc_chip_11uxx_lib\Debug\liblpc_chip_11uxx_lib.a(gpio_11xx_1.o)
                0x00002330                Chip_GPIO_Init
 *fill*         0x00002346        0x2 ff
 .text.Chip_Clock_EnablePeriphClock
                0x00002348       0x30 C:\Users\Admin\Documents\MCUXpressoIDE_11.2.0_4120\workspace\lpc_chip_11uxx_lib\Debug\liblpc_chip_11uxx_lib.a(i2c_11xx.o)
 .text.Chip_Clock_DisablePeriphClock
                0x00002378       0x34 C:\Users\Admin\Documents\MCUXpressoIDE_11.2.0_4120\workspace\lpc_chip_11uxx_lib\Debug\liblpc_chip_11uxx_lib.a(i2c_11xx.o)
 .text.enableClk
                0x000023ac       0x34 C:\Users\Admin\Documents\MCUXpressoIDE_11.2.0_4120\workspace\lpc_chip_11uxx_lib\Debug\liblpc_chip_11uxx_lib.a(i2c_11xx.o)
 .text.disableClk
                0x000023e0       0x34 C:\Users\Admin\Documents\MCUXpressoIDE_11.2.0_4120\workspace\lpc_chip_11uxx_lib\Debug\liblpc_chip_11uxx_lib.a(i2c_11xx.o)
 .text.getClkRate
                0x00002414       0x1a C:\Users\Admin\Documents\MCUXpressoIDE_11.2.0_4120\workspace\lpc_chip_11uxx_lib\Debug\liblpc_chip_11uxx_lib.a(i2c_11xx.o)
 .text.startMasterXfer
                0x0000242e       0x1c C:\Users\Admin\Documents\MCUXpressoIDE_11.2.0_4120\workspace\lpc_chip_11uxx_lib\Debug\liblpc_chip_11uxx_lib.a(i2c_11xx.o)
 .text.startSlaverXfer
                0x0000244a       0x1c C:\Users\Admin\Documents\MCUXpressoIDE_11.2.0_4120\workspace\lpc_chip_11uxx_lib\Debug\liblpc_chip_11uxx_lib.a(i2c_11xx.o)
 .text.isI2CBusFree
                0x00002466       0x1e C:\Users\Admin\Documents\MCUXpressoIDE_11.2.0_4120\workspace\lpc_chip_11uxx_lib\Debug\liblpc_chip_11uxx_lib.a(i2c_11xx.o)
 .text.getCurState
                0x00002484       0x1a C:\Users\Admin\Documents\MCUXpressoIDE_11.2.0_4120\workspace\lpc_chip_11uxx_lib\Debug\liblpc_chip_11uxx_lib.a(i2c_11xx.o)
 .text.isMasterState
                0x0000249e       0x28 C:\Users\Admin\Documents\MCUXpressoIDE_11.2.0_4120\workspace\lpc_chip_11uxx_lib\Debug\liblpc_chip_11uxx_lib.a(i2c_11xx.o)
 *fill*         0x000024c6        0x2 ff
 .text.setSlaveAddr
                0x000024c8       0x70 C:\Users\Admin\Documents\MCUXpressoIDE_11.2.0_4120\workspace\lpc_chip_11uxx_lib\Debug\liblpc_chip_11uxx_lib.a(i2c_11xx.o)
 .text.isSlaveAddrMatching
                0x00002538       0x4e C:\Users\Admin\Documents\MCUXpressoIDE_11.2.0_4120\workspace\lpc_chip_11uxx_lib\Debug\liblpc_chip_11uxx_lib.a(i2c_11xx.o)
 .text.lookupSlaveIndex
                0x00002586       0xa0 C:\Users\Admin\Documents\MCUXpressoIDE_11.2.0_4120\workspace\lpc_chip_11uxx_lib\Debug\liblpc_chip_11uxx_lib.a(i2c_11xx.o)
 *fill*         0x00002626        0x2 ff
 .text.handleMasterXferState
                0x00002628      0x120 C:\Users\Admin\Documents\MCUXpressoIDE_11.2.0_4120\workspace\lpc_chip_11uxx_lib\Debug\liblpc_chip_11uxx_lib.a(i2c_11xx.o)
                0x00002628                handleMasterXferState
 .text.getSlaveIndex
                0x00002748       0x60 C:\Users\Admin\Documents\MCUXpressoIDE_11.2.0_4120\workspace\lpc_chip_11uxx_lib\Debug\liblpc_chip_11uxx_lib.a(i2c_11xx.o)
                0x00002748                getSlaveIndex
 .text.handleSlaveXferState
                0x000027a8      0x118 C:\Users\Admin\Documents\MCUXpressoIDE_11.2.0_4120\workspace\lpc_chip_11uxx_lib\Debug\liblpc_chip_11uxx_lib.a(i2c_11xx.o)
                0x000027a8                handleSlaveXferState
 .text.Chip_I2C_EventHandler
                0x000028c0       0x50 C:\Users\Admin\Documents\MCUXpressoIDE_11.2.0_4120\workspace\lpc_chip_11uxx_lib\Debug\liblpc_chip_11uxx_lib.a(i2c_11xx.o)
                0x000028c0                Chip_I2C_EventHandler
 .text.Chip_I2C_EventHandlerPolling
                0x00002910       0x68 C:\Users\Admin\Documents\MCUXpressoIDE_11.2.0_4120\workspace\lpc_chip_11uxx_lib\Debug\liblpc_chip_11uxx_lib.a(i2c_11xx.o)
                0x00002910                Chip_I2C_EventHandlerPolling
 .text.Chip_I2C_Init
                0x00002978       0x38 C:\Users\Admin\Documents\MCUXpressoIDE_11.2.0_4120\workspace\lpc_chip_11uxx_lib\Debug\liblpc_chip_11uxx_lib.a(i2c_11xx.o)
                0x00002978                Chip_I2C_Init
 .text.Chip_I2C_DeInit
                0x000029b0       0x38 C:\Users\Admin\Documents\MCUXpressoIDE_11.2.0_4120\workspace\lpc_chip_11uxx_lib\Debug\liblpc_chip_11uxx_lib.a(i2c_11xx.o)
                0x000029b0                Chip_I2C_DeInit
 .text.Chip_I2C_SetClockRate
                0x000029e8       0x70 C:\Users\Admin\Documents\MCUXpressoIDE_11.2.0_4120\workspace\lpc_chip_11uxx_lib\Debug\liblpc_chip_11uxx_lib.a(i2c_11xx.o)
                0x000029e8                Chip_I2C_SetClockRate
 .text.Chip_I2C_SetMasterEventHandler
                0x00002a58       0x48 C:\Users\Admin\Documents\MCUXpressoIDE_11.2.0_4120\workspace\lpc_chip_11uxx_lib\Debug\liblpc_chip_11uxx_lib.a(i2c_11xx.o)
                0x00002a58                Chip_I2C_SetMasterEventHandler
 .text.Chip_I2C_MasterTransfer
                0x00002aa0       0xa4 C:\Users\Admin\Documents\MCUXpressoIDE_11.2.0_4120\workspace\lpc_chip_11uxx_lib\Debug\liblpc_chip_11uxx_lib.a(i2c_11xx.o)
                0x00002aa0                Chip_I2C_MasterTransfer
 .text.Chip_I2C_MasterSend
                0x00002b44       0x72 C:\Users\Admin\Documents\MCUXpressoIDE_11.2.0_4120\workspace\lpc_chip_11uxx_lib\Debug\liblpc_chip_11uxx_lib.a(i2c_11xx.o)
                0x00002b44                Chip_I2C_MasterSend
 .text.Chip_I2C_MasterRead
                0x00002bb6       0x6a C:\Users\Admin\Documents\MCUXpressoIDE_11.2.0_4120\workspace\lpc_chip_11uxx_lib\Debug\liblpc_chip_11uxx_lib.a(i2c_11xx.o)
                0x00002bb6                Chip_I2C_MasterRead
 .text.Chip_I2C_IsMasterActive
                0x00002c20       0x30 C:\Users\Admin\Documents\MCUXpressoIDE_11.2.0_4120\workspace\lpc_chip_11uxx_lib\Debug\liblpc_chip_11uxx_lib.a(i2c_11xx.o)
                0x00002c20                Chip_I2C_IsMasterActive
 .text.Chip_I2C_MasterStateHandler
                0x00002c50       0x64 C:\Users\Admin\Documents\MCUXpressoIDE_11.2.0_4120\workspace\lpc_chip_11uxx_lib\Debug\liblpc_chip_11uxx_lib.a(i2c_11xx.o)
                0x00002c50                Chip_I2C_MasterStateHandler
 .text.Chip_I2C_SlaveSetup
                0x00002cb4       0xbc C:\Users\Admin\Documents\MCUXpressoIDE_11.2.0_4120\workspace\lpc_chip_11uxx_lib\Debug\liblpc_chip_11uxx_lib.a(i2c_11xx.o)
                0x00002cb4                Chip_I2C_SlaveSetup
 .text.Chip_I2C_SlaveStateHandler
                0x00002d70       0xcc C:\Users\Admin\Documents\MCUXpressoIDE_11.2.0_4120\workspace\lpc_chip_11uxx_lib\Debug\liblpc_chip_11uxx_lib.a(i2c_11xx.o)
                0x00002d70                Chip_I2C_SlaveStateHandler
 .text.Chip_I2C_IsStateChanged
                0x00002e3c       0x34 C:\Users\Admin\Documents\MCUXpressoIDE_11.2.0_4120\workspace\lpc_chip_11uxx_lib\Debug\liblpc_chip_11uxx_lib.a(i2c_11xx.o)
                0x00002e3c                Chip_I2C_IsStateChanged
 .text.Chip_IOCON_PinMuxSet
                0x00002e70       0x4c C:\Users\Admin\Documents\MCUXpressoIDE_11.2.0_4120\workspace\lpc_chip_11uxx_lib\Debug\liblpc_chip_11uxx_lib.a(iocon_11xx.o)
                0x00002e70                Chip_IOCON_PinMuxSet
 .text.Chip_SYSCTL_PowerDown
                0x00002ebc       0x44 C:\Users\Admin\Documents\MCUXpressoIDE_11.2.0_4120\workspace\lpc_chip_11uxx_lib\Debug\liblpc_chip_11uxx_lib.a(sysctl_11xx.o)
                0x00002ebc                Chip_SYSCTL_PowerDown
 .text.Chip_SYSCTL_PowerUp
                0x00002f00       0x44 C:\Users\Admin\Documents\MCUXpressoIDE_11.2.0_4120\workspace\lpc_chip_11uxx_lib\Debug\liblpc_chip_11uxx_lib.a(sysctl_11xx.o)
                0x00002f00                Chip_SYSCTL_PowerUp
 .text.Chip_Clock_EnablePeriphClock
                0x00002f44       0x30 C:\Users\Admin\Documents\MCUXpressoIDE_11.2.0_4120\workspace\lpc_chip_11uxx_lib\Debug\liblpc_chip_11uxx_lib.a(uart_11xx.o)
 .text.Chip_Clock_SetUARTClockDiv
                0x00002f74       0x1c C:\Users\Admin\Documents\MCUXpressoIDE_11.2.0_4120\workspace\lpc_chip_11uxx_lib\Debug\liblpc_chip_11uxx_lib.a(uart_11xx.o)
 .text.Chip_UART_SendByte
                0x00002f90       0x1e C:\Users\Admin\Documents\MCUXpressoIDE_11.2.0_4120\workspace\lpc_chip_11uxx_lib\Debug\liblpc_chip_11uxx_lib.a(uart_11xx.o)
 .text.Chip_UART_ReadByte
                0x00002fae       0x16 C:\Users\Admin\Documents\MCUXpressoIDE_11.2.0_4120\workspace\lpc_chip_11uxx_lib\Debug\liblpc_chip_11uxx_lib.a(uart_11xx.o)
 .text.Chip_UART_SetupFIFOS
                0x00002fc4       0x18 C:\Users\Admin\Documents\MCUXpressoIDE_11.2.0_4120\workspace\lpc_chip_11uxx_lib\Debug\liblpc_chip_11uxx_lib.a(uart_11xx.o)
 .text.Chip_UART_ConfigData
                0x00002fdc       0x18 C:\Users\Admin\Documents\MCUXpressoIDE_11.2.0_4120\workspace\lpc_chip_11uxx_lib\Debug\liblpc_chip_11uxx_lib.a(uart_11xx.o)
 .text.Chip_UART_EnableDivisorAccess
                0x00002ff4       0x1c C:\Users\Admin\Documents\MCUXpressoIDE_11.2.0_4120\workspace\lpc_chip_11uxx_lib\Debug\liblpc_chip_11uxx_lib.a(uart_11xx.o)
 .text.Chip_UART_DisableDivisorAccess
                0x00003010       0x1e C:\Users\Admin\Documents\MCUXpressoIDE_11.2.0_4120\workspace\lpc_chip_11uxx_lib\Debug\liblpc_chip_11uxx_lib.a(uart_11xx.o)
 .text.Chip_UART_SetDivisorLatches
                0x0000302e       0x30 C:\Users\Admin\Documents\MCUXpressoIDE_11.2.0_4120\workspace\lpc_chip_11uxx_lib\Debug\liblpc_chip_11uxx_lib.a(uart_11xx.o)
 .text.Chip_UART_ReadLineStatus
                0x0000305e       0x14 C:\Users\Admin\Documents\MCUXpressoIDE_11.2.0_4120\workspace\lpc_chip_11uxx_lib\Debug\liblpc_chip_11uxx_lib.a(uart_11xx.o)
 .text.Chip_UART_Init
                0x00003072       0x36 C:\Users\Admin\Documents\MCUXpressoIDE_11.2.0_4120\workspace\lpc_chip_11uxx_lib\Debug\liblpc_chip_11uxx_lib.a(uart_11xx.o)
                0x00003072                Chip_UART_Init
 .text.Chip_UART_Send
                0x000030a8       0x52 C:\Users\Admin\Documents\MCUXpressoIDE_11.2.0_4120\workspace\lpc_chip_11uxx_lib\Debug\liblpc_chip_11uxx_lib.a(uart_11xx.o)
                0x000030a8                Chip_UART_Send
 .text.Chip_UART_SendBlocking
                0x000030fa       0x4e C:\Users\Admin\Documents\MCUXpressoIDE_11.2.0_4120\workspace\lpc_chip_11uxx_lib\Debug\liblpc_chip_11uxx_lib.a(uart_11xx.o)
                0x000030fa                Chip_UART_SendBlocking
 .text.Chip_UART_Read
                0x00003148       0x54 C:\Users\Admin\Documents\MCUXpressoIDE_11.2.0_4120\workspace\lpc_chip_11uxx_lib\Debug\liblpc_chip_11uxx_lib.a(uart_11xx.o)
                0x00003148                Chip_UART_Read
 .text.Chip_UART_SetBaud
                0x0000319c       0x64 C:\Users\Admin\Documents\MCUXpressoIDE_11.2.0_4120\workspace\lpc_chip_11uxx_lib\Debug\liblpc_chip_11uxx_lib.a(uart_11xx.o)
                0x0000319c                Chip_UART_SetBaud
 .text.__main   0x00003200        0xc c:/nxp/mcuxpressoide_11.2.0_4120/ide/plugins/com.nxp.mcuxpresso.tools.win32_11.2.0.202001021529/tools/bin/../lib/gcc/arm-none-eabi/9.2.1/../../../../arm-none-eabi/lib/thumb/v6-m/nofp\libcr_nohost.a(_cr__main.o)
                0x00003200                __main
 .text.memset   0x0000320c        0x8 c:/nxp/mcuxpressoide_11.2.0_4120/ide/plugins/com.nxp.mcuxpresso.tools.win32_11.2.0.202001021529/tools/bin/../lib/gcc/arm-none-eabi/9.2.1/../../../../arm-none-eabi/lib/thumb/v6-m/nofp\libcr_c.a(memset.o)
                0x0000320c                memset
 .text.fp_round
                0x00003214       0x4a c:/nxp/mcuxpressoide_11.2.0_4120/ide/plugins/com.nxp.mcuxpresso.tools.win32_11.2.0.202001021529/tools/bin/../lib/gcc/arm-none-eabi/9.2.1/../../../../arm-none-eabi/lib/thumb/v6-m/nofp\libcr_c.a(fpprintf.o)
 .text.pr_dec.constprop.0
                0x0000325e       0x30 c:/nxp/mcuxpressoide_11.2.0_4120/ide/plugins/com.nxp.mcuxpresso.tools.win32_11.2.0.202001021529/tools/bin/../lib/gcc/arm-none-eabi/9.2.1/../../../../arm-none-eabi/lib/thumb/v6-m/nofp\libcr_c.a(fpprintf.o)
 *fill*         0x0000328e        0x2 ff
 .text.sprintf  0x00003290       0x6c c:/nxp/mcuxpressoide_11.2.0_4120/ide/plugins/com.nxp.mcuxpresso.tools.win32_11.2.0.202001021529/tools/bin/../lib/gcc/arm-none-eabi/9.2.1/../../../../arm-none-eabi/lib/thumb/v6-m/nofp\libcr_c.a(fpprintf.o)
                0x00003290                sprintf
 .text.fp_display
                0x000032fc      0x97c c:/nxp/mcuxpressoide_11.2.0_4120/ide/plugins/com.nxp.mcuxpresso.tools.win32_11.2.0.202001021529/tools/bin/../lib/gcc/arm-none-eabi/9.2.1/../../../../arm-none-eabi/lib/thumb/v6-m/nofp\libcr_c.a(fpprintf.o)
 .text.vsnprintf
                0x00003c78       0x70 c:/nxp/mcuxpressoide_11.2.0_4120/ide/plugins/com.nxp.mcuxpresso.tools.win32_11.2.0.202001021529/tools/bin/../lib/gcc/arm-none-eabi/9.2.1/../../../../arm-none-eabi/lib/thumb/v6-m/nofp\libcr_c.a(fpprintf.o)
                0x00003c78                vsnprintf
 .text.printf   0x00003ce8       0x50 c:/nxp/mcuxpressoide_11.2.0_4120/ide/plugins/com.nxp.mcuxpresso.tools.win32_11.2.0.202001021529/tools/bin/../lib/gcc/arm-none-eabi/9.2.1/../../../../arm-none-eabi/lib/thumb/v6-m/nofp\libcr_c.a(fpprintf.o)
                0x00003ce8                printf
 .text._initio  0x00003d38       0x7c c:/nxp/mcuxpressoide_11.2.0_4120/ide/plugins/com.nxp.mcuxpresso.tools.win32_11.2.0.202001021529/tools/bin/../lib/gcc/arm-none-eabi/9.2.1/../../../../arm-none-eabi/lib/thumb/v6-m/nofp\libcr_c.a(initio.o)
                0x00003d38                _initio
 .text.memcmp   0x00003db4       0x38 c:/nxp/mcuxpressoide_11.2.0_4120/ide/plugins/com.nxp.mcuxpresso.tools.win32_11.2.0.202001021529/tools/bin/../lib/gcc/arm-none-eabi/9.2.1/../../../../arm-none-eabi/lib/thumb/v6-m/nofp\libcr_c.a(memcmp.o)
                0x00003db4                memcmp
 .text.__vfprintf
                0x00003dec      0xd40 c:/nxp/mcuxpressoide_11.2.0_4120/ide/plugins/com.nxp.mcuxpresso.tools.win32_11.2.0.202001021529/tools/bin/../lib/gcc/arm-none-eabi/9.2.1/../../../../arm-none-eabi/lib/thumb/v6-m/nofp\libcr_c.a(printf.o)
                0x00003dec                __vfprintf
 .text.ch_val   0x00004b2c       0x30 c:/nxp/mcuxpressoide_11.2.0_4120/ide/plugins/com.nxp.mcuxpresso.tools.win32_11.2.0.202001021529/tools/bin/../lib/gcc/arm-none-eabi/9.2.1/../../../../arm-none-eabi/lib/thumb/v6-m/nofp\libcr_c.a(scanf.o)
 .text._strtoul
                0x00004b5c       0xd0 c:/nxp/mcuxpressoide_11.2.0_4120/ide/plugins/com.nxp.mcuxpresso.tools.win32_11.2.0.202001021529/tools/bin/../lib/gcc/arm-none-eabi/9.2.1/../../../../arm-none-eabi/lib/thumb/v6-m/nofp\libcr_c.a(scanf.o)
 .text.strtol   0x00004c2c       0x8c c:/nxp/mcuxpressoide_11.2.0_4120/ide/plugins/com.nxp.mcuxpresso.tools.win32_11.2.0.202001021529/tools/bin/../lib/gcc/arm-none-eabi/9.2.1/../../../../arm-none-eabi/lib/thumb/v6-m/nofp\libcr_c.a(scanf.o)
                0x00004c2c                strtol
 .text.setvbuf  0x00004cb8       0x4c c:/nxp/mcuxpressoide_11.2.0_4120/ide/plugins/com.nxp.mcuxpresso.tools.win32_11.2.0.202001021529/tools/bin/../lib/gcc/arm-none-eabi/9.2.1/../../../../arm-none-eabi/lib/thumb/v6-m/nofp\libcr_c.a(setvbuf.o)
                0x00004cb8                setvbuf
 .text.strlen   0x00004d04       0x58 c:/nxp/mcuxpressoide_11.2.0_4120/ide/plugins/com.nxp.mcuxpresso.tools.win32_11.2.0.202001021529/tools/bin/../lib/gcc/arm-none-eabi/9.2.1/../../../../arm-none-eabi/lib/thumb/v6-m/nofp\libcr_c.a(strlen.o)
                0x00004d04                strlen
 .text._deferredlazyseek
                0x00004d5c       0x40 c:/nxp/mcuxpressoide_11.2.0_4120/ide/plugins/com.nxp.mcuxpresso.tools.win32_11.2.0.202001021529/tools/bin/../lib/gcc/arm-none-eabi/9.2.1/../../../../arm-none-eabi/lib/thumb/v6-m/nofp\libcr_c.a(_deferredlazyseek.o)
                0x00004d5c                _deferredlazyseek
 .text.__flsbuf
                0x00004d9c      0x150 c:/nxp/mcuxpressoide_11.2.0_4120/ide/plugins/com.nxp.mcuxpresso.tools.win32_11.2.0.202001021529/tools/bin/../lib/gcc/arm-none-eabi/9.2.1/../../../../arm-none-eabi/lib/thumb/v6-m/nofp\libcr_c.a(_deferredlazyseek.o)
                0x00004d9c                __flsbuf
 .text._fdopen  0x00004eec       0x74 c:/nxp/mcuxpressoide_11.2.0_4120/ide/plugins/com.nxp.mcuxpresso.tools.win32_11.2.0.202001021529/tools/bin/../lib/gcc/arm-none-eabi/9.2.1/../../../../arm-none-eabi/lib/thumb/v6-m/nofp\libcr_c.a(_fdopen.o)
                0x00004eec                _fdopen
 .text._fflush  0x00004f60       0x60 c:/nxp/mcuxpressoide_11.2.0_4120/ide/plugins/com.nxp.mcuxpresso.tools.win32_11.2.0.202001021529/tools/bin/../lib/gcc/arm-none-eabi/9.2.1/../../../../arm-none-eabi/lib/thumb/v6-m/nofp\libcr_c.a(_fflush.o)
                0x00004f60                _fflush
 .text._frexpl  0x00004fc0       0x80 c:/nxp/mcuxpressoide_11.2.0_4120/ide/plugins/com.nxp.mcuxpresso.tools.win32_11.2.0.202001021529/tools/bin/../lib/gcc/arm-none-eabi/9.2.1/../../../../arm-none-eabi/lib/thumb/v6-m/nofp\libcr_c.a(_frexpl.o)
                0x00004fc0                _frexpl
 .text._ldexpl  0x00005040       0x58 c:/nxp/mcuxpressoide_11.2.0_4120/ide/plugins/com.nxp.mcuxpresso.tools.win32_11.2.0.202001021529/tools/bin/../lib/gcc/arm-none-eabi/9.2.1/../../../../arm-none-eabi/lib/thumb/v6-m/nofp\libcr_c.a(_ldexpl.o)
                0x00005040                _ldexpl
 .text._Cwritebuf
                0x00005098       0x68 c:/nxp/mcuxpressoide_11.2.0_4120/ide/plugins/com.nxp.mcuxpresso.tools.win32_11.2.0.202001021529/tools/bin/../lib/gcc/arm-none-eabi/9.2.1/../../../../arm-none-eabi/lib/thumb/v6-m/nofp\libcr_c.a(_writebuf.o)
                0x00005098                _Cwritebuf
 .text.malloc   0x00005100       0xd0 c:/nxp/mcuxpressoide_11.2.0_4120/ide/plugins/com.nxp.mcuxpresso.tools.win32_11.2.0.202001021529/tools/bin/../lib/gcc/arm-none-eabi/9.2.1/../../../../arm-none-eabi/lib/thumb/v6-m/nofp\libcr_c.a(alloc.o)
                0x00005100                malloc
 .text.free     0x000051d0       0x2c c:/nxp/mcuxpressoide_11.2.0_4120/ide/plugins/com.nxp.mcuxpresso.tools.win32_11.2.0.202001021529/tools/bin/../lib/gcc/arm-none-eabi/9.2.1/../../../../arm-none-eabi/lib/thumb/v6-m/nofp\libcr_c.a(alloc.o)
                0x000051d0                free
 .text._Csys_alloc
                0x000051fc       0x20 c:/nxp/mcuxpressoide_11.2.0_4120/ide/plugins/com.nxp.mcuxpresso.tools.win32_11.2.0.202001021529/tools/bin/../lib/gcc/arm-none-eabi/9.2.1/../../../../arm-none-eabi/lib/thumb/v6-m/nofp\libcr_c.a(alloc.o)
                0x000051fc                _Csys_alloc
 .text.fclose   0x0000521c       0x5c c:/nxp/mcuxpressoide_11.2.0_4120/ide/plugins/com.nxp.mcuxpresso.tools.win32_11.2.0.202001021529/tools/bin/../lib/gcc/arm-none-eabi/9.2.1/../../../../arm-none-eabi/lib/thumb/v6-m/nofp\libcr_c.a(fclose.o)
                0x0000521c                fclose
 .text.fflush   0x00005278       0x44 c:/nxp/mcuxpressoide_11.2.0_4120/ide/plugins/com.nxp.mcuxpresso.tools.win32_11.2.0.202001021529/tools/bin/../lib/gcc/arm-none-eabi/9.2.1/../../../../arm-none-eabi/lib/thumb/v6-m/nofp\libcr_c.a(fflush.o)
                0x00005278                fflush
 .text.fseek    0x000052bc       0xf4 c:/nxp/mcuxpressoide_11.2.0_4120/ide/plugins/com.nxp.mcuxpresso.tools.win32_11.2.0.202001021529/tools/bin/../lib/gcc/arm-none-eabi/9.2.1/../../../../arm-none-eabi/lib/thumb/v6-m/nofp\libcr_c.a(fseek.o)
                0x000052bc                fseek
 .text.ftell    0x000053b0       0x48 c:/nxp/mcuxpressoide_11.2.0_4120/ide/plugins/com.nxp.mcuxpresso.tools.win32_11.2.0.202001021529/tools/bin/../lib/gcc/arm-none-eabi/9.2.1/../../../../arm-none-eabi/lib/thumb/v6-m/nofp\libcr_c.a(ftell.o)
                0x000053b0                ftell
 .text.remove   0x000053f8       0x12 c:/nxp/mcuxpressoide_11.2.0_4120/ide/plugins/com.nxp.mcuxpresso.tools.win32_11.2.0.202001021529/tools/bin/../lib/gcc/arm-none-eabi/9.2.1/../../../../arm-none-eabi/lib/thumb/v6-m/nofp\libcr_c.a(remove.o)
                0x000053f8                remove
 *fill*         0x0000540a        0x2 ff
 .text._sbrk    0x0000540c       0x44 c:/nxp/mcuxpressoide_11.2.0_4120/ide/plugins/com.nxp.mcuxpresso.tools.win32_11.2.0.202001021529/tools/bin/../lib/gcc/arm-none-eabi/9.2.1/../../../../arm-none-eabi/lib/thumb/v6-m/nofp\libcr_c.a(_cr_sbrk.o)
                0x0000540c                _sbrk
 .text._do_fflush
                0x00005450       0x48 c:/nxp/mcuxpressoide_11.2.0_4120/ide/plugins/com.nxp.mcuxpresso.tools.win32_11.2.0.202001021529/tools/bin/../lib/gcc/arm-none-eabi/9.2.1/../../../../arm-none-eabi/lib/thumb/v6-m/nofp\libcr_c.a(_do_fflush.o)
                0x00005450                _do_fflush
 .text.__check_heap_overflow
                0x00005498       0x14 c:/nxp/mcuxpressoide_11.2.0_4120/ide/plugins/com.nxp.mcuxpresso.tools.win32_11.2.0.202001021529/tools/bin/../lib/gcc/arm-none-eabi/9.2.1/../../../../arm-none-eabi/lib/thumb/v6-m/nofp\libcr_c.a(_cr_check_heap.o)
                0x00005498                __check_heap_overflow
 .text.__aeabi_division_idivmod
                0x000054ac       0x78 c:/nxp/mcuxpressoide_11.2.0_4120/ide/plugins/com.nxp.mcuxpresso.tools.win32_11.2.0.202001021529/tools/bin/../lib/gcc/arm-none-eabi/9.2.1/thumb/v6-m/nofp\libcr_eabihelpers.a(division_32.o)
                0x000054ac                __aeabi_idivmod
                0x000054ac                __aeabi_idiv
                0x000054b2                __aeabi_uidivmod
                0x000054b2                __aeabi_uidiv
 .text.__aeabi_division_idiv0
                0x00005524        0x2 c:/nxp/mcuxpressoide_11.2.0_4120/ide/plugins/com.nxp.mcuxpresso.tools.win32_11.2.0.202001021529/tools/bin/../lib/gcc/arm-none-eabi/9.2.1/thumb/v6-m/nofp\libcr_eabihelpers.a(division_idiv0.o)
                0x00005524                __aeabi_idiv0
 *fill*         0x00005526        0x2 ff
 .text.__aeabi_dmul
                0x00005528      0x184 c:/nxp/mcuxpressoide_11.2.0_4120/ide/plugins/com.nxp.mcuxpresso.tools.win32_11.2.0.202001021529/tools/bin/../lib/gcc/arm-none-eabi/9.2.1/thumb/v6-m/nofp\libcr_eabihelpers.a(double.o)
                0x00005528                __aeabi_dmul
 .text.__aeabi_ddiv
                0x000056ac      0x150 c:/nxp/mcuxpressoide_11.2.0_4120/ide/plugins/com.nxp.mcuxpresso.tools.win32_11.2.0.202001021529/tools/bin/../lib/gcc/arm-none-eabi/9.2.1/thumb/v6-m/nofp\libcr_eabihelpers.a(double.o)
                0x000056ac                __aeabi_ddiv
 .text.__aeabi_dsub
                0x000057fc      0x1e4 c:/nxp/mcuxpressoide_11.2.0_4120/ide/plugins/com.nxp.mcuxpresso.tools.win32_11.2.0.202001021529/tools/bin/../lib/gcc/arm-none-eabi/9.2.1/thumb/v6-m/nofp\libcr_eabihelpers.a(double.o)
                0x000057fc                __aeabi_dsub
 .text.__aeabi_dadd
                0x000059e0      0x134 c:/nxp/mcuxpressoide_11.2.0_4120/ide/plugins/com.nxp.mcuxpresso.tools.win32_11.2.0.202001021529/tools/bin/../lib/gcc/arm-none-eabi/9.2.1/thumb/v6-m/nofp\libcr_eabihelpers.a(double.o)
                0x000059e0                __aeabi_dadd
 .text.__aeabi_d2iz
                0x00005b14       0x50 c:/nxp/mcuxpressoide_11.2.0_4120/ide/plugins/com.nxp.mcuxpresso.tools.win32_11.2.0.202001021529/tools/bin/../lib/gcc/arm-none-eabi/9.2.1/thumb/v6-m/nofp\libcr_eabihelpers.a(double.o)
                0x00005b14                __aeabi_d2iz
 .text.__bhs_ui2d
                0x00005b64       0x5e c:/nxp/mcuxpressoide_11.2.0_4120/ide/plugins/com.nxp.mcuxpresso.tools.win32_11.2.0.202001021529/tools/bin/../lib/gcc/arm-none-eabi/9.2.1/thumb/v6-m/nofp\libcr_eabihelpers.a(double.o)
                0x00005b64                __bhs_ui2d
 .text.__aeabi_i2d
                0x00005bc2       0x18 c:/nxp/mcuxpressoide_11.2.0_4120/ide/plugins/com.nxp.mcuxpresso.tools.win32_11.2.0.202001021529/tools/bin/../lib/gcc/arm-none-eabi/9.2.1/thumb/v6-m/nofp\libcr_eabihelpers.a(double.o)
                0x00005bc2                __aeabi_i2d
 *fill*         0x00005bda        0x2 ff
 .text.__aeabi_dcmpeq
                0x00005bdc       0x30 c:/nxp/mcuxpressoide_11.2.0_4120/ide/plugins/com.nxp.mcuxpresso.tools.win32_11.2.0.202001021529/tools/bin/../lib/gcc/arm-none-eabi/9.2.1/thumb/v6-m/nofp\libcr_eabihelpers.a(double.o)
                0x00005bdc                __aeabi_dcmpeq
 .text.__aeabi_dcmplt
                0x00005c0c       0x60 c:/nxp/mcuxpressoide_11.2.0_4120/ide/plugins/com.nxp.mcuxpresso.tools.win32_11.2.0.202001021529/tools/bin/../lib/gcc/arm-none-eabi/9.2.1/thumb/v6-m/nofp\libcr_eabihelpers.a(double.o)
                0x00005c0c                __aeabi_dcmplt
 .text.__aeabi_dcmple
                0x00005c6c       0x60 c:/nxp/mcuxpressoide_11.2.0_4120/ide/plugins/com.nxp.mcuxpresso.tools.win32_11.2.0.202001021529/tools/bin/../lib/gcc/arm-none-eabi/9.2.1/thumb/v6-m/nofp\libcr_eabihelpers.a(double.o)
                0x00005c6c                __aeabi_dcmple
 .text.__aeabi_dcmpge
                0x00005ccc       0x64 c:/nxp/mcuxpressoide_11.2.0_4120/ide/plugins/com.nxp.mcuxpresso.tools.win32_11.2.0.202001021529/tools/bin/../lib/gcc/arm-none-eabi/9.2.1/thumb/v6-m/nofp\libcr_eabihelpers.a(double.o)
                0x00005ccc                __aeabi_dcmpge
 .text.__aeabi_llong_lmul
                0x00005d30       0x2e c:/nxp/mcuxpressoide_11.2.0_4120/ide/plugins/com.nxp.mcuxpresso.tools.win32_11.2.0.202001021529/tools/bin/../lib/gcc/arm-none-eabi/9.2.1/thumb/v6-m/nofp\libcr_eabihelpers.a(llong.o)
                0x00005d30                __aeabi_lmul
 .text.__aeabi_memset_lowlevel
                0x00005d5e       0x2a c:/nxp/mcuxpressoide_11.2.0_4120/ide/plugins/com.nxp.mcuxpresso.tools.win32_11.2.0.202001021529/tools/bin/../lib/gcc/arm-none-eabi/9.2.1/thumb/v6-m/nofp\libcr_eabihelpers.a(memcpy.o)
                0x00005d5e                __aeabi_lowlevel_memset
 .text.__gnu_thumb1_case_shi
                0x00005d88       0x10 c:/nxp/mcuxpressoide_11.2.0_4120/ide/plugins/com.nxp.mcuxpresso.tools.win32_11.2.0.202001021529/tools/bin/../lib/gcc/arm-none-eabi/9.2.1/thumb/v6-m/nofp\libcr_eabihelpers.a(thumb1_switch_helpers.o)
                0x00005d88                __gnu_thumb1_case_shi
 .text.__sys_appexit
                0x00005d98        0x2 c:/nxp/mcuxpressoide_11.2.0_4120/ide/plugins/com.nxp.mcuxpresso.tools.win32_11.2.0.202001021529/tools/bin/../lib/gcc/arm-none-eabi/9.2.1/../../../../arm-none-eabi/lib/thumb/v6-m/nofp\libcr_nohost.a(__sys_appexit.o)
                0x00005d98                __sys_appexit
                0x00005d98                __exit
 .text.__sys_close
                0x00005d9a        0x6 c:/nxp/mcuxpressoide_11.2.0_4120/ide/plugins/com.nxp.mcuxpresso.tools.win32_11.2.0.202001021529/tools/bin/../lib/gcc/arm-none-eabi/9.2.1/../../../../arm-none-eabi/lib/thumb/v6-m/nofp\libcr_nohost.a(__sys_close.o)
                0x00005d9a                __sys_close
 .text.__sys_flen
                0x00005da0        0x6 c:/nxp/mcuxpressoide_11.2.0_4120/ide/plugins/com.nxp.mcuxpresso.tools.win32_11.2.0.202001021529/tools/bin/../lib/gcc/arm-none-eabi/9.2.1/../../../../arm-none-eabi/lib/thumb/v6-m/nofp\libcr_nohost.a(__sys_flen.o)
                0x00005da0                __sys_flen
 .text.__sys_istty
                0x00005da6        0x6 c:/nxp/mcuxpressoide_11.2.0_4120/ide/plugins/com.nxp.mcuxpresso.tools.win32_11.2.0.202001021529/tools/bin/../lib/gcc/arm-none-eabi/9.2.1/../../../../arm-none-eabi/lib/thumb/v6-m/nofp\libcr_nohost.a(__sys_istty.o)
                0x00005da6                __sys_istty
 .text.__sys_remove
                0x00005dac        0x6 c:/nxp/mcuxpressoide_11.2.0_4120/ide/plugins/com.nxp.mcuxpresso.tools.win32_11.2.0.202001021529/tools/bin/../lib/gcc/arm-none-eabi/9.2.1/../../../../arm-none-eabi/lib/thumb/v6-m/nofp\libcr_nohost.a(__sys_remove.o)
                0x00005dac                __sys_remove
 .text.__sys_seek
                0x00005db2        0x6 c:/nxp/mcuxpressoide_11.2.0_4120/ide/plugins/com.nxp.mcuxpresso.tools.win32_11.2.0.202001021529/tools/bin/../lib/gcc/arm-none-eabi/9.2.1/../../../../arm-none-eabi/lib/thumb/v6-m/nofp\libcr_nohost.a(__sys_seek.o)
                0x00005db2                __sys_seek
 .text.__sys_tmpnam
                0x00005db8        0x6 c:/nxp/mcuxpressoide_11.2.0_4120/ide/plugins/com.nxp.mcuxpresso.tools.win32_11.2.0.202001021529/tools/bin/../lib/gcc/arm-none-eabi/9.2.1/../../../../arm-none-eabi/lib/thumb/v6-m/nofp\libcr_nohost.a(__sys_tmpnam.o)
                0x00005db8                __sys_tmpnam
 */tasks.o(.rodata*)
 *fill*         0x00005dbe        0x2 ff
 .rodata.vTaskStartScheduler.str1.4
                0x00005dc0        0x5 ./freertos/src/tasks.o
 *fill*         0x00005dc5        0x3 ff
 .rodata.ucExpectedStackBytes.6629
                0x00005dc8       0x14 ./freertos/src/tasks.o
 *(.rodata .rodata.* .constdata .constdata.*)
 .rodata.vApplicationMallocFailedHook.str1.4
                0x00005ddc       0x26 ./freertos/src/FreeRTOSCommonHooks.o
 *fill*         0x00005e02        0x2 ff
 .rodata.vApplicationStackOverflowHook.str1.4
                0x00005e04       0x30 ./freertos/src/FreeRTOSCommonHooks.o
 .rodata.main.str1.4
                0x00005e34       0x15 ./example/src/freertos_blinky.o
 *fill*         0x00005e49        0x3 ff
 .rodata.menu   0x00005e4c      0x10d ./example/src/i2c.o
 *fill*         0x00005f59        0x3 ff
 .rodata.con_print_data.str1.4
                0x00005f5c       0x12 ./example/src/i2c.o
                                 0x17 (size before relaxing)
 *fill*         0x00005f6e        0x2 ff
 .rodata.con_get_input.str1.4
                0x00005f70       0x2c ./example/src/i2c.o
 .rodata.i2c_rw_input.str1.4
                0x00005f9c       0x4c ./example/src/i2c.o
 .rodata.i2c_probe_slaves.str1.4
                0x00005fe8       0xa8 ./example/src/i2c.o
 .rodata.i2c_menu.str1.4
                0x00006090       0x31 ./example/src/i2c.o
 *fill*         0x000060c1        0x3 ff
 .rodata.vReadValueSensorTask.str1.4
                0x000060c4       0xdc ./example/src/i2c.o
 .rodata.vReadValueSensorTask
                0x000061a0       0x1c ./example/src/i2c.o
 .rodata.OscRateIn
                0x000061bc        0x4 C:\Users\Admin\Documents\MCUXpressoIDE_11.2.0_4120\workspace\nxp_lpcxpresso_11u37h_board_lib\Debug\libnxp_lpcxpresso_11u37h_board_lib.a(board.o)
                0x000061bc                OscRateIn
 .rodata.ledports
                0x000061c0        0x7 C:\Users\Admin\Documents\MCUXpressoIDE_11.2.0_4120\workspace\nxp_lpcxpresso_11u37h_board_lib\Debug\libnxp_lpcxpresso_11u37h_board_lib.a(board.o)
 *fill*         0x000061c7        0x1 ff
 .rodata.ledpins
                0x000061c8        0x7 C:\Users\Admin\Documents\MCUXpressoIDE_11.2.0_4120\workspace\nxp_lpcxpresso_11u37h_board_lib\Debug\libnxp_lpcxpresso_11u37h_board_lib.a(board.o)
 *fill*         0x000061cf        0x1 ff
 .rodata.pinmuxing
                0x000061d0       0x48 C:\Users\Admin\Documents\MCUXpressoIDE_11.2.0_4120\workspace\nxp_lpcxpresso_11u37h_board_lib\Debug\libnxp_lpcxpresso_11u37h_board_lib.a(board_sysinit.o)
 .rodata.wdtOSCRate
                0x00006218       0x40 C:\Users\Admin\Documents\MCUXpressoIDE_11.2.0_4120\workspace\lpc_chip_11uxx_lib\Debug\liblpc_chip_11uxx_lib.a(clock_11xx.o)
 .rodata.handleMasterXferState
                0x00006258      0x164 C:\Users\Admin\Documents\MCUXpressoIDE_11.2.0_4120\workspace\lpc_chip_11uxx_lib\Debug\liblpc_chip_11uxx_lib.a(i2c_11xx.o)
 .rodata.handleSlaveXferState
                0x000063bc      0x1a4 C:\Users\Admin\Documents\MCUXpressoIDE_11.2.0_4120\workspace\lpc_chip_11uxx_lib\Debug\liblpc_chip_11uxx_lib.a(i2c_11xx.o)
 .rodata.fp_display.str1.1
                0x00006560       0x34 c:/nxp/mcuxpressoide_11.2.0_4120/ide/plugins/com.nxp.mcuxpresso.tools.win32_11.2.0.202001021529/tools/bin/../lib/gcc/arm-none-eabi/9.2.1/../../../../arm-none-eabi/lib/thumb/v6-m/nofp\libcr_c.a(fpprintf.o)
                                 0x35 (size before relaxing)
 .rodata._initio.str1.1
                0x00006594        0x4 c:/nxp/mcuxpressoide_11.2.0_4120/ide/plugins/com.nxp.mcuxpresso.tools.win32_11.2.0.202001021529/tools/bin/../lib/gcc/arm-none-eabi/9.2.1/../../../../arm-none-eabi/lib/thumb/v6-m/nofp\libcr_c.a(initio.o)
 .rodata.__vfprintf.str1.1
                0x00006598       0x31 c:/nxp/mcuxpressoide_11.2.0_4120/ide/plugins/com.nxp.mcuxpresso.tools.win32_11.2.0.202001021529/tools/bin/../lib/gcc/arm-none-eabi/9.2.1/../../../../arm-none-eabi/lib/thumb/v6-m/nofp\libcr_c.a(printf.o)
                                 0x38 (size before relaxing)
 .rodata._Csys_alloc.str1.1
                0x000065c9       0x18 c:/nxp/mcuxpressoide_11.2.0_4120/ide/plugins/com.nxp.mcuxpresso.tools.win32_11.2.0.202001021529/tools/bin/../lib/gcc/arm-none-eabi/9.2.1/../../../../arm-none-eabi/lib/thumb/v6-m/nofp\libcr_c.a(alloc.o)
 .rodata.__ctype
                0x000065e1      0x180 c:/nxp/mcuxpressoide_11.2.0_4120/ide/plugins/com.nxp.mcuxpresso.tools.win32_11.2.0.202001021529/tools/bin/../lib/gcc/arm-none-eabi/9.2.1/../../../../arm-none-eabi/lib/thumb/v6-m/nofp\libcr_c.a(ctype.o)
                0x000065e1                __ctype
 *fill*         0x00006761        0x3 ff
 .rodata.__num_Ciob_streams
                0x00006764        0x4 c:/nxp/mcuxpressoide_11.2.0_4120/ide/plugins/com.nxp.mcuxpresso.tools.win32_11.2.0.202001021529/tools/bin/../lib/gcc/arm-none-eabi/9.2.1/../../../../arm-none-eabi/lib/thumb/v6-m/nofp\libcr_nohost.a(__ciob.o)
                0x00006764                __num_Ciob_streams
                0x00006768                . = ALIGN (0x4)

.glue_7         0x00006768        0x0
 .glue_7        0x00006768        0x0 linker stubs

.glue_7t        0x00006768        0x0
 .glue_7t       0x00006768        0x0 linker stubs

.vfp11_veneer   0x00006768        0x0
 .vfp11_veneer  0x00006768        0x0 linker stubs

.v4_bx          0x00006768        0x0
 .v4_bx         0x00006768        0x0 linker stubs

.iplt           0x00006768        0x0
 .iplt          0x00006768        0x0 ./freertos/src/FreeRTOSCommonHooks.o

.rel.dyn        0x00006768        0x0
 .rel.iplt      0x00006768        0x0 ./freertos/src/FreeRTOSCommonHooks.o

.ARM.extab
 *(.ARM.extab* .gnu.linkonce.armextab.*)

.ARM.exidx      0x00006768        0x0
                0x00006768                __exidx_start = .
 *(.ARM.exidx* .gnu.linkonce.armexidx.*)
                0x00006768                __exidx_end = .
                0x00006768                _etext = .

.data_RAM2      0x20004000        0x0 load address 0x00006768
 FILL mask 0xff
                [!provide]                PROVIDE (__start_data_RAM2 = .)
                [!provide]                PROVIDE (__start_data_RamUsb2 = .)
 *(.ramfunc.$RAM2)
 *(.ramfunc.$RamUsb2)
 *(.data.$RAM2)
 *(.data.$RamUsb2)
 *(.data.$RAM2.*)
 *(.data.$RamUsb2.*)
                0x20004000                . = ALIGN (0x4)
                [!provide]                PROVIDE (__end_data_RAM2 = .)
                [!provide]                PROVIDE (__end_data_RamUsb2 = .)

.uninit_RESERVED
                0x10000000        0x0
                0x10000000                _start_uninit_RESERVED = .
 *(.bss.$RESERVED*)
                0x10000000                . = ALIGN (0x4)
                0x10000000                _end_uninit_RESERVED = .

.data           0x10000000       0x28 load address 0x00006768
 FILL mask 0xff
                0x10000000                _data = .
                [!provide]                PROVIDE (__start_data_RAM = .)
                [!provide]                PROVIDE (__start_data_RamLoc8 = .)
 *(vtable)
 *(.ramfunc*)
 *(CodeQuickAccess)
 *(DataQuickAccess)
 *(RamFunction)
 *(.data*)
 .data.uxCriticalNesting
                0x10000000        0x4 ./freertos/src/port.o
 .data.xNextTaskUnblockTime
                0x10000004        0x4 ./freertos/src/tasks.o
 .data.is_addr.6292
                0x10000008        0x4 ./example/src/i2c.o
 .data.i2c      0x1000000c       0x1c C:\Users\Admin\Documents\MCUXpressoIDE_11.2.0_4120\workspace\lpc_chip_11uxx_lib\Debug\liblpc_chip_11uxx_lib.a(i2c_11xx.o)
                0x10000028                . = ALIGN (0x4)
                0x10000028                _edata = .
                [!provide]                PROVIDE (__end_data_RAM = .)
                [!provide]                PROVIDE (__end_data_RamLoc8 = .)

.igot.plt       0x10000028        0x0 load address 0x00006790
 .igot.plt      0x10000028        0x0 ./freertos/src/FreeRTOSCommonHooks.o

.bss_RAM2       0x20004000        0x0
                [!provide]                PROVIDE (__start_bss_RAM2 = .)
                [!provide]                PROVIDE (__start_bss_RamUsb2 = .)
 *(.bss.$RAM2)
 *(.bss.$RamUsb2)
 *(.bss.$RAM2.*)
 *(.bss.$RamUsb2.*)
                0x20004000                . = ALIGN ((. != 0x0)?0x4:0x1)
                [!provide]                PROVIDE (__end_bss_RAM2 = .)
                [!provide]                PROVIDE (__end_bss_RamUsb2 = .)

.bss            0x10000028      0xbf0
                0x10000028                _bss = .
                [!provide]                PROVIDE (__start_bss_RAM = .)
                [!provide]                PROVIDE (__start_bss_RamLoc8 = .)
 *(.bss*)
 .bss.ucHeap    0x10000028      0x600 ./freertos/src/heap_1.o
 .bss.xNextFreeByte
                0x10000628        0x4 ./freertos/src/heap_1.o
 .bss.pucAlignedHeap.6342
                0x1000062c        0x4 ./freertos/src/heap_1.o
 .bss.pxCurrentTCB
                0x10000630        0x4 ./freertos/src/tasks.o
                0x10000630                pxCurrentTCB
 .bss.pxReadyTasksLists
                0x10000634       0xa0 ./freertos/src/tasks.o
 .bss.xDelayedTaskList1
                0x100006d4       0x14 ./freertos/src/tasks.o
 .bss.xDelayedTaskList2
                0x100006e8       0x14 ./freertos/src/tasks.o
 .bss.pxDelayedTaskList
                0x100006fc        0x4 ./freertos/src/tasks.o
 .bss.pxOverflowDelayedTaskList
                0x10000700        0x4 ./freertos/src/tasks.o
 .bss.xPendingReadyList
                0x10000704       0x14 ./freertos/src/tasks.o
 .bss.xTasksWaitingTermination
                0x10000718       0x14 ./freertos/src/tasks.o
 .bss.uxTasksDeleted
                0x1000072c        0x4 ./freertos/src/tasks.o
 .bss.xSuspendedTaskList
                0x10000730       0x14 ./freertos/src/tasks.o
 .bss.uxCurrentNumberOfTasks
                0x10000744        0x4 ./freertos/src/tasks.o
 .bss.xTickCount
                0x10000748        0x4 ./freertos/src/tasks.o
 .bss.uxTopReadyPriority
                0x1000074c        0x4 ./freertos/src/tasks.o
 .bss.xSchedulerRunning
                0x10000750        0x4 ./freertos/src/tasks.o
 .bss.uxSchedulerSuspended
                0x10000754        0x4 ./freertos/src/tasks.o
 .bss.uxPendedTicks
                0x10000758        0x4 ./freertos/src/tasks.o
 .bss.xYieldPending
                0x1000075c        0x4 ./freertos/src/tasks.o
 .bss.xNumOfOverflows
                0x10000760        0x4 ./freertos/src/tasks.o
 .bss.uxTaskNumber
                0x10000764        0x4 ./freertos/src/tasks.o
 .bss.mode_poll
                0x10000768        0x4 ./example/src/i2c.o
 .bss.i2cDev    0x1000076c        0x1 ./example/src/i2c.o
 *fill*         0x1000076d        0x3 
 .bss.seep_xfer
                0x10000770       0x18 ./example/src/i2c.o
 .bss.iox_xfer  0x10000788       0x18 ./example/src/i2c.o
 .bss.seep_data
                0x100007a0       0x41 ./example/src/i2c.o
 *fill*         0x100007e1        0x3 
 .bss.buffer    0x100007e4      0x200 ./example/src/i2c.o
 .bss.iox_data  0x100009e4        0x2 ./example/src/i2c.o
 *fill*         0x100009e6        0x2 
 .bss.xfer.6321
                0x100009e8       0x18 ./example/src/i2c.o
 .bss.i2c_slave
                0x10000a00       0x28 C:\Users\Admin\Documents\MCUXpressoIDE_11.2.0_4120\workspace\lpc_chip_11uxx_lib\Debug\liblpc_chip_11uxx_lib.a(i2c_11xx.o)
 .bss.errno     0x10000a28        0x4 c:/nxp/mcuxpressoide_11.2.0_4120/ide/plugins/com.nxp.mcuxpresso.tools.win32_11.2.0.202001021529/tools/bin/../lib/gcc/arm-none-eabi/9.2.1/../../../../arm-none-eabi/lib/thumb/v6-m/nofp\libcr_c.a(errno.o)
                0x10000a28                errno
 .bss.__end_of_heap
                0x10000a2c        0x4 c:/nxp/mcuxpressoide_11.2.0_4120/ide/plugins/com.nxp.mcuxpresso.tools.win32_11.2.0.202001021529/tools/bin/../lib/gcc/arm-none-eabi/9.2.1/../../../../arm-none-eabi/lib/thumb/v6-m/nofp\libcr_c.a(__init_alloc.o)
                0x10000a2c                __end_of_heap
 .bss.__heaps   0x10000a30        0x4 c:/nxp/mcuxpressoide_11.2.0_4120/ide/plugins/com.nxp.mcuxpresso.tools.win32_11.2.0.202001021529/tools/bin/../lib/gcc/arm-none-eabi/9.2.1/../../../../arm-none-eabi/lib/thumb/v6-m/nofp\libcr_c.a(__init_alloc.o)
                0x10000a30                __heaps
 .bss.__Ciob    0x10000a34      0x1e0 c:/nxp/mcuxpressoide_11.2.0_4120/ide/plugins/com.nxp.mcuxpresso.tools.win32_11.2.0.202001021529/tools/bin/../lib/gcc/arm-none-eabi/9.2.1/../../../../arm-none-eabi/lib/thumb/v6-m/nofp\libcr_nohost.a(__ciob.o)
                0x10000a34                __Ciob
 *(COMMON)
 COMMON         0x10000c14        0x4 C:\Users\Admin\Documents\MCUXpressoIDE_11.2.0_4120\workspace\lpc_chip_11uxx_lib\Debug\liblpc_chip_11uxx_lib.a(chip_11xx.o)
                0x10000c14                SystemCoreClock
                0x10000c18                . = ALIGN (0x4)
                0x10000c18                _ebss = .
                [!provide]                PROVIDE (__end_bss_RAM = .)
                [!provide]                PROVIDE (__end_bss_RamLoc8 = .)
                [!provide]                PROVIDE (end = .)

.noinit_RAM2    0x20004000        0x0
                [!provide]                PROVIDE (__start_noinit_RAM2 = .)
                [!provide]                PROVIDE (__start_noinit_RamUsb2 = .)
 *(.noinit.$RAM2)
 *(.noinit.$RamUsb2)
 *(.noinit.$RAM2.*)
 *(.noinit.$RamUsb2.*)
                0x20004000                . = ALIGN (0x4)
                [!provide]                PROVIDE (__end_noinit_RAM2 = .)
                [!provide]                PROVIDE (__end_noinit_RamUsb2 = .)

.noinit         0x10000c18        0x0
                0x10000c18                _noinit = .
                [!provide]                PROVIDE (__start_noinit_RAM = .)
                [!provide]                PROVIDE (__start_noinit_RamLoc8 = .)
 *(.noinit*)
                0x10000c18                . = ALIGN (0x4)
                0x10000c18                _end_noinit = .
                [!provide]                PROVIDE (__end_noinit_RAM = .)
                [!provide]                PROVIDE (__end_noinit_RamLoc8 = .)
                0x10000c18                PROVIDE (_pvHeapStart = DEFINED (__user_heap_base)?__user_heap_base:.)
                0x10002000                PROVIDE (_vStackTop = DEFINED (__user_stack_top)?__user_stack_top:(__top_RamLoc8 - 0x0))
                [!provide]                PROVIDE (__valid_user_code_checksum = (0x0 - (((_vStackTop + (ResetISR + 0x1)) + (DEFINED (NMI_Handler)?NMI_Handler:M0_NMI_Handler + 0x1)) + (DEFINED (HardFault_Handler)?HardFault_Handler:M0_HardFault_Handler + 0x1))))
                0x00000000                _image_start = LOADADDR (.text)
                0x00006790                _image_end = (LOADADDR (.data) + SIZEOF (.data))
                0x00006790                _image_size = (_image_end - _image_start)
OUTPUT(nxp_lpcxpresso_11u37h_freertos_blinky.axf elf32-littlearm)

.debug_info     0x00000000     0x8c9a
 .debug_info    0x00000000      0x2db ./freertos/src/FreeRTOSCommonHooks.o
 .debug_info    0x000002db      0x2e6 ./freertos/src/heap_1.o
 .debug_info    0x000005c1      0x41c ./freertos/src/list.o
 .debug_info    0x000009dd      0x3a4 ./freertos/src/port.o
 .debug_info    0x00000d81     0x1255 ./freertos/src/tasks.o
 .debug_info    0x00001fd6      0x2aa ./example/src/cr_startup_lpc11xx.o
 .debug_info    0x00002280      0x2a8 ./example/src/freertos_blinky.o
 .debug_info    0x00002528     0x1136 ./example/src/i2c.o
 .debug_info    0x0000365e      0x20f ./example/src/sysinit.o
 .debug_info    0x0000386d      0xa7a C:\Users\Admin\Documents\MCUXpressoIDE_11.2.0_4120\workspace\nxp_lpcxpresso_11u37h_board_lib\Debug\libnxp_lpcxpresso_11u37h_board_lib.a(board.o)
 .debug_info    0x000042e7      0xb40 C:\Users\Admin\Documents\MCUXpressoIDE_11.2.0_4120\workspace\nxp_lpcxpresso_11u37h_board_lib\Debug\libnxp_lpcxpresso_11u37h_board_lib.a(board_sysinit.o)
 .debug_info    0x00004e27      0x10c C:\Users\Admin\Documents\MCUXpressoIDE_11.2.0_4120\workspace\lpc_chip_11uxx_lib\Debug\liblpc_chip_11uxx_lib.a(chip_11xx.o)
 .debug_info    0x00004f33      0x9a0 C:\Users\Admin\Documents\MCUXpressoIDE_11.2.0_4120\workspace\lpc_chip_11uxx_lib\Debug\liblpc_chip_11uxx_lib.a(clock_11xx.o)
 .debug_info    0x000058d3      0xa1f C:\Users\Admin\Documents\MCUXpressoIDE_11.2.0_4120\workspace\lpc_chip_11uxx_lib\Debug\liblpc_chip_11uxx_lib.a(gpio_11xx_1.o)
 .debug_info    0x000062f2     0x120a C:\Users\Admin\Documents\MCUXpressoIDE_11.2.0_4120\workspace\lpc_chip_11uxx_lib\Debug\liblpc_chip_11uxx_lib.a(i2c_11xx.o)
 .debug_info    0x000074fc      0x1b0 C:\Users\Admin\Documents\MCUXpressoIDE_11.2.0_4120\workspace\lpc_chip_11uxx_lib\Debug\liblpc_chip_11uxx_lib.a(iocon_11xx.o)
 .debug_info    0x000076ac      0x617 C:\Users\Admin\Documents\MCUXpressoIDE_11.2.0_4120\workspace\lpc_chip_11uxx_lib\Debug\liblpc_chip_11uxx_lib.a(sysctl_11xx.o)
 .debug_info    0x00007cc3      0xfd7 C:\Users\Admin\Documents\MCUXpressoIDE_11.2.0_4120\workspace\lpc_chip_11uxx_lib\Debug\liblpc_chip_11uxx_lib.a(uart_11xx.o)

.debug_abbrev   0x00000000     0x204a
 .debug_abbrev  0x00000000      0x17a ./freertos/src/FreeRTOSCommonHooks.o
 .debug_abbrev  0x0000017a      0x17f ./freertos/src/heap_1.o
 .debug_abbrev  0x000002f9      0x12f ./freertos/src/list.o
 .debug_abbrev  0x00000428      0x1fd ./freertos/src/port.o
 .debug_abbrev  0x00000625      0x291 ./freertos/src/tasks.o
 .debug_abbrev  0x000008b6      0x117 ./example/src/cr_startup_lpc11xx.o
 .debug_abbrev  0x000009cd      0x141 ./example/src/freertos_blinky.o
 .debug_abbrev  0x00000b0e      0x344 ./example/src/i2c.o
 .debug_abbrev  0x00000e52       0xcc ./example/src/sysinit.o
 .debug_abbrev  0x00000f1e      0x2c5 C:\Users\Admin\Documents\MCUXpressoIDE_11.2.0_4120\workspace\nxp_lpcxpresso_11u37h_board_lib\Debug\libnxp_lpcxpresso_11u37h_board_lib.a(board.o)
 .debug_abbrev  0x000011e3      0x24e C:\Users\Admin\Documents\MCUXpressoIDE_11.2.0_4120\workspace\nxp_lpcxpresso_11u37h_board_lib\Debug\libnxp_lpcxpresso_11u37h_board_lib.a(board_sysinit.o)
 .debug_abbrev  0x00001431       0xb0 C:\Users\Admin\Documents\MCUXpressoIDE_11.2.0_4120\workspace\lpc_chip_11uxx_lib\Debug\liblpc_chip_11uxx_lib.a(chip_11xx.o)
 .debug_abbrev  0x000014e1      0x212 C:\Users\Admin\Documents\MCUXpressoIDE_11.2.0_4120\workspace\lpc_chip_11uxx_lib\Debug\liblpc_chip_11uxx_lib.a(clock_11xx.o)
 .debug_abbrev  0x000016f3      0x1ce C:\Users\Admin\Documents\MCUXpressoIDE_11.2.0_4120\workspace\lpc_chip_11uxx_lib\Debug\liblpc_chip_11uxx_lib.a(gpio_11xx_1.o)
 .debug_abbrev  0x000018c1      0x30a C:\Users\Admin\Documents\MCUXpressoIDE_11.2.0_4120\workspace\lpc_chip_11uxx_lib\Debug\liblpc_chip_11uxx_lib.a(i2c_11xx.o)
 .debug_abbrev  0x00001bcb       0xf5 C:\Users\Admin\Documents\MCUXpressoIDE_11.2.0_4120\workspace\lpc_chip_11uxx_lib\Debug\liblpc_chip_11uxx_lib.a(iocon_11xx.o)
 .debug_abbrev  0x00001cc0      0x120 C:\Users\Admin\Documents\MCUXpressoIDE_11.2.0_4120\workspace\lpc_chip_11uxx_lib\Debug\liblpc_chip_11uxx_lib.a(sysctl_11xx.o)
 .debug_abbrev  0x00001de0      0x26a C:\Users\Admin\Documents\MCUXpressoIDE_11.2.0_4120\workspace\lpc_chip_11uxx_lib\Debug\liblpc_chip_11uxx_lib.a(uart_11xx.o)

.debug_aranges  0x00000000      0x908
 .debug_aranges
                0x00000000       0x40 ./freertos/src/FreeRTOSCommonHooks.o
 .debug_aranges
                0x00000040       0x38 ./freertos/src/heap_1.o
 .debug_aranges
                0x00000078       0x40 ./freertos/src/list.o
 .debug_aranges
                0x000000b8       0x88 ./freertos/src/port.o
 .debug_aranges
                0x00000140      0x150 ./freertos/src/tasks.o
 .debug_aranges
                0x00000290       0x60 ./example/src/cr_startup_lpc11xx.o
 .debug_aranges
                0x000002f0       0x38 ./example/src/freertos_blinky.o
 .debug_aranges
                0x00000328       0xd8 ./example/src/i2c.o
 .debug_aranges
                0x00000400       0x20 ./example/src/sysinit.o
 .debug_aranges
                0x00000420       0xd8 C:\Users\Admin\Documents\MCUXpressoIDE_11.2.0_4120\workspace\nxp_lpcxpresso_11u37h_board_lib\Debug\libnxp_lpcxpresso_11u37h_board_lib.a(board.o)
 .debug_aranges
                0x000004f8       0x68 C:\Users\Admin\Documents\MCUXpressoIDE_11.2.0_4120\workspace\nxp_lpcxpresso_11u37h_board_lib\Debug\libnxp_lpcxpresso_11u37h_board_lib.a(board_sysinit.o)
 .debug_aranges
                0x00000560       0x20 C:\Users\Admin\Documents\MCUXpressoIDE_11.2.0_4120\workspace\lpc_chip_11uxx_lib\Debug\liblpc_chip_11uxx_lib.a(chip_11xx.o)
 .debug_aranges
                0x00000580       0xa0 C:\Users\Admin\Documents\MCUXpressoIDE_11.2.0_4120\workspace\lpc_chip_11uxx_lib\Debug\liblpc_chip_11uxx_lib.a(clock_11xx.o)
 .debug_aranges
                0x00000620       0x78 C:\Users\Admin\Documents\MCUXpressoIDE_11.2.0_4120\workspace\lpc_chip_11uxx_lib\Debug\liblpc_chip_11uxx_lib.a(gpio_11xx_1.o)
 .debug_aranges
                0x00000698      0x128 C:\Users\Admin\Documents\MCUXpressoIDE_11.2.0_4120\workspace\lpc_chip_11uxx_lib\Debug\liblpc_chip_11uxx_lib.a(i2c_11xx.o)
 .debug_aranges
                0x000007c0       0x20 C:\Users\Admin\Documents\MCUXpressoIDE_11.2.0_4120\workspace\lpc_chip_11uxx_lib\Debug\liblpc_chip_11uxx_lib.a(iocon_11xx.o)
 .debug_aranges
                0x000007e0       0x38 C:\Users\Admin\Documents\MCUXpressoIDE_11.2.0_4120\workspace\lpc_chip_11uxx_lib\Debug\liblpc_chip_11uxx_lib.a(sysctl_11xx.o)
 .debug_aranges
                0x00000818       0xf0 C:\Users\Admin\Documents\MCUXpressoIDE_11.2.0_4120\workspace\lpc_chip_11uxx_lib\Debug\liblpc_chip_11uxx_lib.a(uart_11xx.o)

.debug_ranges   0x00000000      0x7e8
 .debug_ranges  0x00000000       0x30 ./freertos/src/FreeRTOSCommonHooks.o
 .debug_ranges  0x00000030       0x28 ./freertos/src/heap_1.o
 .debug_ranges  0x00000058       0x30 ./freertos/src/list.o
 .debug_ranges  0x00000088       0x78 ./freertos/src/port.o
 .debug_ranges  0x00000100      0x140 ./freertos/src/tasks.o
 .debug_ranges  0x00000240       0x50 ./example/src/cr_startup_lpc11xx.o
 .debug_ranges  0x00000290       0x28 ./example/src/freertos_blinky.o
 .debug_ranges  0x000002b8       0xc8 ./example/src/i2c.o
 .debug_ranges  0x00000380       0x10 ./example/src/sysinit.o
 .debug_ranges  0x00000390       0xc8 C:\Users\Admin\Documents\MCUXpressoIDE_11.2.0_4120\workspace\nxp_lpcxpresso_11u37h_board_lib\Debug\libnxp_lpcxpresso_11u37h_board_lib.a(board.o)
 .debug_ranges  0x00000458       0x58 C:\Users\Admin\Documents\MCUXpressoIDE_11.2.0_4120\workspace\nxp_lpcxpresso_11u37h_board_lib\Debug\libnxp_lpcxpresso_11u37h_board_lib.a(board_sysinit.o)
 .debug_ranges  0x000004b0       0x10 C:\Users\Admin\Documents\MCUXpressoIDE_11.2.0_4120\workspace\lpc_chip_11uxx_lib\Debug\liblpc_chip_11uxx_lib.a(chip_11xx.o)
 .debug_ranges  0x000004c0       0x90 C:\Users\Admin\Documents\MCUXpressoIDE_11.2.0_4120\workspace\lpc_chip_11uxx_lib\Debug\liblpc_chip_11uxx_lib.a(clock_11xx.o)
 .debug_ranges  0x00000550       0x68 C:\Users\Admin\Documents\MCUXpressoIDE_11.2.0_4120\workspace\lpc_chip_11uxx_lib\Debug\liblpc_chip_11uxx_lib.a(gpio_11xx_1.o)
 .debug_ranges  0x000005b8      0x118 C:\Users\Admin\Documents\MCUXpressoIDE_11.2.0_4120\workspace\lpc_chip_11uxx_lib\Debug\liblpc_chip_11uxx_lib.a(i2c_11xx.o)
 .debug_ranges  0x000006d0       0x10 C:\Users\Admin\Documents\MCUXpressoIDE_11.2.0_4120\workspace\lpc_chip_11uxx_lib\Debug\liblpc_chip_11uxx_lib.a(iocon_11xx.o)
 .debug_ranges  0x000006e0       0x28 C:\Users\Admin\Documents\MCUXpressoIDE_11.2.0_4120\workspace\lpc_chip_11uxx_lib\Debug\liblpc_chip_11uxx_lib.a(sysctl_11xx.o)
 .debug_ranges  0x00000708       0xe0 C:\Users\Admin\Documents\MCUXpressoIDE_11.2.0_4120\workspace\lpc_chip_11uxx_lib\Debug\liblpc_chip_11uxx_lib.a(uart_11xx.o)

.debug_macro    0x00000000     0x604b
 .debug_macro   0x00000000      0x23f ./freertos/src/FreeRTOSCommonHooks.o
 .debug_macro   0x0000023f      0xa90 ./freertos/src/FreeRTOSCommonHooks.o
 .debug_macro   0x00000ccf       0x10 ./freertos/src/FreeRTOSCommonHooks.o
 .debug_macro   0x00000cdf      0x12e ./freertos/src/FreeRTOSCommonHooks.o
 .debug_macro   0x00000e0d       0x16 ./freertos/src/FreeRTOSCommonHooks.o
 .debug_macro   0x00000e23       0x46 ./freertos/src/FreeRTOSCommonHooks.o
 .debug_macro   0x00000e69      0x5b3 ./freertos/src/FreeRTOSCommonHooks.o
 .debug_macro   0x0000141c       0x22 ./freertos/src/FreeRTOSCommonHooks.o
 .debug_macro   0x0000143e       0x74 ./freertos/src/FreeRTOSCommonHooks.o
 .debug_macro   0x000014b2       0x10 ./freertos/src/FreeRTOSCommonHooks.o
 .debug_macro   0x000014c2       0x1f ./freertos/src/FreeRTOSCommonHooks.o
 .debug_macro   0x000014e1       0x3a ./freertos/src/FreeRTOSCommonHooks.o
 .debug_macro   0x0000151b       0x1f ./freertos/src/FreeRTOSCommonHooks.o
 .debug_macro   0x0000153a      0x242 ./freertos/src/FreeRTOSCommonHooks.o
 .debug_macro   0x0000177c      0x125 ./freertos/src/FreeRTOSCommonHooks.o
 .debug_macro   0x000018a1       0x2e ./freertos/src/FreeRTOSCommonHooks.o
 .debug_macro   0x000018cf       0xf1 ./freertos/src/FreeRTOSCommonHooks.o
 .debug_macro   0x000019c0       0x10 ./freertos/src/FreeRTOSCommonHooks.o
 .debug_macro   0x000019d0      0x137 ./freertos/src/FreeRTOSCommonHooks.o
 .debug_macro   0x00001b07       0x4c ./freertos/src/FreeRTOSCommonHooks.o
 .debug_macro   0x00001b53       0x16 ./freertos/src/FreeRTOSCommonHooks.o
 .debug_macro   0x00001b69      0x31a ./freertos/src/FreeRTOSCommonHooks.o
 .debug_macro   0x00001e83       0x4f ./freertos/src/FreeRTOSCommonHooks.o
 .debug_macro   0x00001ed2       0xb8 ./freertos/src/FreeRTOSCommonHooks.o
 .debug_macro   0x00001f8a       0x11 ./freertos/src/FreeRTOSCommonHooks.o
 .debug_macro   0x00001f9b       0x7c ./freertos/src/FreeRTOSCommonHooks.o
 .debug_macro   0x00002017       0x1c ./freertos/src/FreeRTOSCommonHooks.o
 .debug_macro   0x00002033       0x40 ./freertos/src/FreeRTOSCommonHooks.o
 .debug_macro   0x00002073      0x18a ./freertos/src/FreeRTOSCommonHooks.o
 .debug_macro   0x000021fd       0x88 ./freertos/src/FreeRTOSCommonHooks.o
 .debug_macro   0x00002285       0x40 ./freertos/src/FreeRTOSCommonHooks.o
 .debug_macro   0x000022c5       0x2e ./freertos/src/FreeRTOSCommonHooks.o
 .debug_macro   0x000022f3      0x124 ./freertos/src/FreeRTOSCommonHooks.o
 .debug_macro   0x00002417       0x70 ./freertos/src/FreeRTOSCommonHooks.o
 .debug_macro   0x00002487       0x9a ./freertos/src/FreeRTOSCommonHooks.o
 .debug_macro   0x00002521       0x20 ./freertos/src/FreeRTOSCommonHooks.o
 .debug_macro   0x00002541      0x115 ./freertos/src/FreeRTOSCommonHooks.o
 .debug_macro   0x00002656       0xa6 ./freertos/src/FreeRTOSCommonHooks.o
 .debug_macro   0x000026fc       0x12 ./freertos/src/FreeRTOSCommonHooks.o
 .debug_macro   0x0000270e       0x1f ./freertos/src/FreeRTOSCommonHooks.o
 .debug_macro   0x0000272d      0x250 ./freertos/src/FreeRTOSCommonHooks.o
 .debug_macro   0x0000297d       0x64 ./freertos/src/FreeRTOSCommonHooks.o
 .debug_macro   0x000029e1       0x57 ./freertos/src/FreeRTOSCommonHooks.o
 .debug_macro   0x00002a38      0x25b ./freertos/src/heap_1.o
 .debug_macro   0x00002c93       0x28 ./freertos/src/heap_1.o
 .debug_macro   0x00002cbb      0x23a ./freertos/src/list.o
 .debug_macro   0x00002ef5      0x283 ./freertos/src/port.o
 .debug_macro   0x00003178      0x2d9 ./freertos/src/tasks.o
 .debug_macro   0x00003451       0x5b ./freertos/src/tasks.o
 .debug_macro   0x000034ac       0x17 ./freertos/src/tasks.o
 .debug_macro   0x000034c3       0x26 ./example/src/cr_startup_lpc11xx.o
 .debug_macro   0x000034e9      0xa96 ./example/src/cr_startup_lpc11xx.o
 .debug_macro   0x00003f7f      0x22f ./example/src/freertos_blinky.o
 .debug_macro   0x000041ae       0x7b ./example/src/freertos_blinky.o
 .debug_macro   0x00004229       0x18 ./example/src/freertos_blinky.o
 .debug_macro   0x00004241      0x11b ./example/src/freertos_blinky.o
 .debug_macro   0x0000435c      0x1fc ./example/src/i2c.o
 .debug_macro   0x00004558       0x22 ./example/src/i2c.o
 .debug_macro   0x0000457a       0x2e ./example/src/i2c.o
 .debug_macro   0x000045a8      0x1ba ./example/src/sysinit.o
 .debug_macro   0x00004762      0x1ec C:\Users\Admin\Documents\MCUXpressoIDE_11.2.0_4120\workspace\nxp_lpcxpresso_11u37h_board_lib\Debug\libnxp_lpcxpresso_11u37h_board_lib.a(board.o)
 .debug_macro   0x0000494e      0xa8a C:\Users\Admin\Documents\MCUXpressoIDE_11.2.0_4120\workspace\nxp_lpcxpresso_11u37h_board_lib\Debug\libnxp_lpcxpresso_11u37h_board_lib.a(board.o)
 .debug_macro   0x000053d8       0x12 C:\Users\Admin\Documents\MCUXpressoIDE_11.2.0_4120\workspace\nxp_lpcxpresso_11u37h_board_lib\Debug\libnxp_lpcxpresso_11u37h_board_lib.a(board.o)
 .debug_macro   0x000053ea      0x1c8 C:\Users\Admin\Documents\MCUXpressoIDE_11.2.0_4120\workspace\nxp_lpcxpresso_11u37h_board_lib\Debug\libnxp_lpcxpresso_11u37h_board_lib.a(board_sysinit.o)
 .debug_macro   0x000055b2      0x17b C:\Users\Admin\Documents\MCUXpressoIDE_11.2.0_4120\workspace\lpc_chip_11uxx_lib\Debug\liblpc_chip_11uxx_lib.a(chip_11xx.o)
 .debug_macro   0x0000572d      0x17b C:\Users\Admin\Documents\MCUXpressoIDE_11.2.0_4120\workspace\lpc_chip_11uxx_lib\Debug\liblpc_chip_11uxx_lib.a(clock_11xx.o)
 .debug_macro   0x000058a8      0x17b C:\Users\Admin\Documents\MCUXpressoIDE_11.2.0_4120\workspace\lpc_chip_11uxx_lib\Debug\liblpc_chip_11uxx_lib.a(gpio_11xx_1.o)
 .debug_macro   0x00005a23      0x18d C:\Users\Admin\Documents\MCUXpressoIDE_11.2.0_4120\workspace\lpc_chip_11uxx_lib\Debug\liblpc_chip_11uxx_lib.a(i2c_11xx.o)
 .debug_macro   0x00005bb0      0x17b C:\Users\Admin\Documents\MCUXpressoIDE_11.2.0_4120\workspace\lpc_chip_11uxx_lib\Debug\liblpc_chip_11uxx_lib.a(iocon_11xx.o)
 .debug_macro   0x00005d2b      0x1a5 C:\Users\Admin\Documents\MCUXpressoIDE_11.2.0_4120\workspace\lpc_chip_11uxx_lib\Debug\liblpc_chip_11uxx_lib.a(sysctl_11xx.o)
 .debug_macro   0x00005ed0      0x17b C:\Users\Admin\Documents\MCUXpressoIDE_11.2.0_4120\workspace\lpc_chip_11uxx_lib\Debug\liblpc_chip_11uxx_lib.a(uart_11xx.o)

.debug_line     0x00000000     0x7979
 .debug_line    0x00000000      0x61b ./freertos/src/FreeRTOSCommonHooks.o
 .debug_line    0x0000061b      0x62d ./freertos/src/heap_1.o
 .debug_line    0x00000c48      0x685 ./freertos/src/list.o
 .debug_line    0x000012cd      0x72f ./freertos/src/port.o
 .debug_line    0x000019fc     0x1257 ./freertos/src/tasks.o
 .debug_line    0x00002c53      0x21d ./example/src/cr_startup_lpc11xx.o
 .debug_line    0x00002e70      0x60e ./example/src/freertos_blinky.o
 .debug_line    0x0000347e      0xade ./example/src/i2c.o
 .debug_line    0x00003f5c      0x425 ./example/src/sysinit.o
 .debug_line    0x00004381      0x76a C:\Users\Admin\Documents\MCUXpressoIDE_11.2.0_4120\workspace\nxp_lpcxpresso_11u37h_board_lib\Debug\libnxp_lpcxpresso_11u37h_board_lib.a(board.o)
 .debug_line    0x00004aeb      0x5dd C:\Users\Admin\Documents\MCUXpressoIDE_11.2.0_4120\workspace\nxp_lpcxpresso_11u37h_board_lib\Debug\libnxp_lpcxpresso_11u37h_board_lib.a(board_sysinit.o)
 .debug_line    0x000050c8      0x38f C:\Users\Admin\Documents\MCUXpressoIDE_11.2.0_4120\workspace\lpc_chip_11uxx_lib\Debug\liblpc_chip_11uxx_lib.a(chip_11xx.o)
 .debug_line    0x00005457      0x624 C:\Users\Admin\Documents\MCUXpressoIDE_11.2.0_4120\workspace\lpc_chip_11uxx_lib\Debug\liblpc_chip_11uxx_lib.a(clock_11xx.o)
 .debug_line    0x00005a7b      0x508 C:\Users\Admin\Documents\MCUXpressoIDE_11.2.0_4120\workspace\lpc_chip_11uxx_lib\Debug\liblpc_chip_11uxx_lib.a(gpio_11xx_1.o)
 .debug_line    0x00005f83      0xaa3 C:\Users\Admin\Documents\MCUXpressoIDE_11.2.0_4120\workspace\lpc_chip_11uxx_lib\Debug\liblpc_chip_11uxx_lib.a(i2c_11xx.o)
 .debug_line    0x00006a26      0x39c C:\Users\Admin\Documents\MCUXpressoIDE_11.2.0_4120\workspace\lpc_chip_11uxx_lib\Debug\liblpc_chip_11uxx_lib.a(iocon_11xx.o)
 .debug_line    0x00006dc2      0x410 C:\Users\Admin\Documents\MCUXpressoIDE_11.2.0_4120\workspace\lpc_chip_11uxx_lib\Debug\liblpc_chip_11uxx_lib.a(sysctl_11xx.o)
 .debug_line    0x000071d2      0x7a7 C:\Users\Admin\Documents\MCUXpressoIDE_11.2.0_4120\workspace\lpc_chip_11uxx_lib\Debug\liblpc_chip_11uxx_lib.a(uart_11xx.o)

.debug_str      0x00000000     0xf76d
 .debug_str     0x00000000     0xb3ed ./freertos/src/FreeRTOSCommonHooks.o
                               0xb4eb (size before relaxing)
 .debug_str     0x0000b3ed      0x19a ./freertos/src/heap_1.o
                               0xb5b3 (size before relaxing)
 .debug_str     0x0000b587      0x12e ./freertos/src/list.o
                               0xb244 (size before relaxing)
 .debug_str     0x0000b6b5      0x399 ./freertos/src/port.o
                               0xb7de (size before relaxing)
 .debug_str     0x0000ba4e     0x17e2 ./freertos/src/tasks.o
                               0xcdc8 (size before relaxing)
 .debug_str     0x0000d230      0x27c ./example/src/cr_startup_lpc11xx.o
                               0x2f4c (size before relaxing)
 .debug_str     0x0000d4ac       0x98 ./example/src/freertos_blinky.o
                               0xb4ae (size before relaxing)
 .debug_str     0x0000d544      0xa8b ./example/src/i2c.o
                               0x9dd7 (size before relaxing)
 .debug_str     0x0000dfcf       0x19 ./example/src/sysinit.o
                               0x9281 (size before relaxing)
 .debug_str     0x0000dfe8      0x3ae C:\Users\Admin\Documents\MCUXpressoIDE_11.2.0_4120\workspace\nxp_lpcxpresso_11u37h_board_lib\Debug\libnxp_lpcxpresso_11u37h_board_lib.a(board.o)
                               0x9613 (size before relaxing)
 .debug_str     0x0000e396      0x555 C:\Users\Admin\Documents\MCUXpressoIDE_11.2.0_4120\workspace\nxp_lpcxpresso_11u37h_board_lib\Debug\libnxp_lpcxpresso_11u37h_board_lib.a(board_sysinit.o)
                               0x9a7c (size before relaxing)
 .debug_str     0x0000e8eb       0x7f C:\Users\Admin\Documents\MCUXpressoIDE_11.2.0_4120\workspace\lpc_chip_11uxx_lib\Debug\liblpc_chip_11uxx_lib.a(chip_11xx.o)
                               0x882e (size before relaxing)
 .debug_str     0x0000e96a      0x48e C:\Users\Admin\Documents\MCUXpressoIDE_11.2.0_4120\workspace\lpc_chip_11uxx_lib\Debug\liblpc_chip_11uxx_lib.a(clock_11xx.o)
                               0x9049 (size before relaxing)
 .debug_str     0x0000edf8       0xff C:\Users\Admin\Documents\MCUXpressoIDE_11.2.0_4120\workspace\lpc_chip_11uxx_lib\Debug\liblpc_chip_11uxx_lib.a(gpio_11xx_1.o)
                               0x8ea7 (size before relaxing)
 .debug_str     0x0000eef7      0x410 C:\Users\Admin\Documents\MCUXpressoIDE_11.2.0_4120\workspace\lpc_chip_11uxx_lib\Debug\liblpc_chip_11uxx_lib.a(i2c_11xx.o)
                               0x9339 (size before relaxing)
 .debug_str     0x0000f307       0x30 C:\Users\Admin\Documents\MCUXpressoIDE_11.2.0_4120\workspace\lpc_chip_11uxx_lib\Debug\liblpc_chip_11uxx_lib.a(iocon_11xx.o)
                               0x8861 (size before relaxing)
 .debug_str     0x0000f337      0x19f C:\Users\Admin\Documents\MCUXpressoIDE_11.2.0_4120\workspace\lpc_chip_11uxx_lib\Debug\liblpc_chip_11uxx_lib.a(sysctl_11xx.o)
                               0x8c4c (size before relaxing)
 .debug_str     0x0000f4d6      0x297 C:\Users\Admin\Documents\MCUXpressoIDE_11.2.0_4120\workspace\lpc_chip_11uxx_lib\Debug\liblpc_chip_11uxx_lib.a(uart_11xx.o)
                               0x90a2 (size before relaxing)

.comment        0x00000000       0x79
 .comment       0x00000000       0x79 ./freertos/src/FreeRTOSCommonHooks.o
                                 0x7a (size before relaxing)
 .comment       0x00000079       0x7a ./freertos/src/heap_1.o
 .comment       0x00000079       0x7a ./freertos/src/list.o
 .comment       0x00000079       0x7a ./freertos/src/port.o
 .comment       0x00000079       0x7a ./freertos/src/tasks.o
 .comment       0x00000079       0x7a ./example/src/cr_startup_lpc11xx.o
 .comment       0x00000079       0x7a ./example/src/freertos_blinky.o
 .comment       0x00000079       0x7a ./example/src/i2c.o
 .comment       0x00000079       0x7a ./example/src/sysinit.o
 .comment       0x00000079       0x7a C:\Users\Admin\Documents\MCUXpressoIDE_11.2.0_4120\workspace\nxp_lpcxpresso_11u37h_board_lib\Debug\libnxp_lpcxpresso_11u37h_board_lib.a(board.o)
 .comment       0x00000079       0x7a C:\Users\Admin\Documents\MCUXpressoIDE_11.2.0_4120\workspace\nxp_lpcxpresso_11u37h_board_lib\Debug\libnxp_lpcxpresso_11u37h_board_lib.a(board_sysinit.o)
 .comment       0x00000079       0x7a C:\Users\Admin\Documents\MCUXpressoIDE_11.2.0_4120\workspace\lpc_chip_11uxx_lib\Debug\liblpc_chip_11uxx_lib.a(chip_11xx.o)
 .comment       0x00000079       0x7a C:\Users\Admin\Documents\MCUXpressoIDE_11.2.0_4120\workspace\lpc_chip_11uxx_lib\Debug\liblpc_chip_11uxx_lib.a(clock_11xx.o)
 .comment       0x00000079       0x7a C:\Users\Admin\Documents\MCUXpressoIDE_11.2.0_4120\workspace\lpc_chip_11uxx_lib\Debug\liblpc_chip_11uxx_lib.a(gpio_11xx_1.o)
 .comment       0x00000079       0x7a C:\Users\Admin\Documents\MCUXpressoIDE_11.2.0_4120\workspace\lpc_chip_11uxx_lib\Debug\liblpc_chip_11uxx_lib.a(i2c_11xx.o)
 .comment       0x00000079       0x7a C:\Users\Admin\Documents\MCUXpressoIDE_11.2.0_4120\workspace\lpc_chip_11uxx_lib\Debug\liblpc_chip_11uxx_lib.a(iocon_11xx.o)
 .comment       0x00000079       0x7a C:\Users\Admin\Documents\MCUXpressoIDE_11.2.0_4120\workspace\lpc_chip_11uxx_lib\Debug\liblpc_chip_11uxx_lib.a(sysctl_11xx.o)
 .comment       0x00000079       0x7a C:\Users\Admin\Documents\MCUXpressoIDE_11.2.0_4120\workspace\lpc_chip_11uxx_lib\Debug\liblpc_chip_11uxx_lib.a(uart_11xx.o)
 .comment       0x00000079       0x7a c:/nxp/mcuxpressoide_11.2.0_4120/ide/plugins/com.nxp.mcuxpresso.tools.win32_11.2.0.202001021529/tools/bin/../lib/gcc/arm-none-eabi/9.2.1/../../../../arm-none-eabi/lib/thumb/v6-m/nofp\libcr_nohost.a(_cr__main.o)
 .comment       0x00000079       0x7a c:/nxp/mcuxpressoide_11.2.0_4120/ide/plugins/com.nxp.mcuxpresso.tools.win32_11.2.0.202001021529/tools/bin/../lib/gcc/arm-none-eabi/9.2.1/../../../../arm-none-eabi/lib/thumb/v6-m/nofp\libcr_c.a(memset.o)
 .comment       0x00000079       0x7a c:/nxp/mcuxpressoide_11.2.0_4120/ide/plugins/com.nxp.mcuxpresso.tools.win32_11.2.0.202001021529/tools/bin/../lib/gcc/arm-none-eabi/9.2.1/../../../../arm-none-eabi/lib/thumb/v6-m/nofp\libcr_c.a(fpprintf.o)
 .comment       0x00000079       0x7a c:/nxp/mcuxpressoide_11.2.0_4120/ide/plugins/com.nxp.mcuxpresso.tools.win32_11.2.0.202001021529/tools/bin/../lib/gcc/arm-none-eabi/9.2.1/../../../../arm-none-eabi/lib/thumb/v6-m/nofp\libcr_c.a(initio.o)
 .comment       0x00000079       0x7a c:/nxp/mcuxpressoide_11.2.0_4120/ide/plugins/com.nxp.mcuxpresso.tools.win32_11.2.0.202001021529/tools/bin/../lib/gcc/arm-none-eabi/9.2.1/../../../../arm-none-eabi/lib/thumb/v6-m/nofp\libcr_c.a(memcmp.o)
 .comment       0x00000079       0x7a c:/nxp/mcuxpressoide_11.2.0_4120/ide/plugins/com.nxp.mcuxpresso.tools.win32_11.2.0.202001021529/tools/bin/../lib/gcc/arm-none-eabi/9.2.1/../../../../arm-none-eabi/lib/thumb/v6-m/nofp\libcr_c.a(printf.o)
 .comment       0x00000079       0x7a c:/nxp/mcuxpressoide_11.2.0_4120/ide/plugins/com.nxp.mcuxpresso.tools.win32_11.2.0.202001021529/tools/bin/../lib/gcc/arm-none-eabi/9.2.1/../../../../arm-none-eabi/lib/thumb/v6-m/nofp\libcr_c.a(scanf.o)
 .comment       0x00000079       0x7a c:/nxp/mcuxpressoide_11.2.0_4120/ide/plugins/com.nxp.mcuxpresso.tools.win32_11.2.0.202001021529/tools/bin/../lib/gcc/arm-none-eabi/9.2.1/../../../../arm-none-eabi/lib/thumb/v6-m/nofp\libcr_c.a(setvbuf.o)
 .comment       0x00000079       0x7a c:/nxp/mcuxpressoide_11.2.0_4120/ide/plugins/com.nxp.mcuxpresso.tools.win32_11.2.0.202001021529/tools/bin/../lib/gcc/arm-none-eabi/9.2.1/../../../../arm-none-eabi/lib/thumb/v6-m/nofp\libcr_c.a(strlen.o)
 .comment       0x00000079       0x7a c:/nxp/mcuxpressoide_11.2.0_4120/ide/plugins/com.nxp.mcuxpresso.tools.win32_11.2.0.202001021529/tools/bin/../lib/gcc/arm-none-eabi/9.2.1/../../../../arm-none-eabi/lib/thumb/v6-m/nofp\libcr_c.a(_deferredlazyseek.o)
 .comment       0x00000079       0x7a c:/nxp/mcuxpressoide_11.2.0_4120/ide/plugins/com.nxp.mcuxpresso.tools.win32_11.2.0.202001021529/tools/bin/../lib/gcc/arm-none-eabi/9.2.1/../../../../arm-none-eabi/lib/thumb/v6-m/nofp\libcr_c.a(_fdopen.o)
 .comment       0x00000079       0x7a c:/nxp/mcuxpressoide_11.2.0_4120/ide/plugins/com.nxp.mcuxpresso.tools.win32_11.2.0.202001021529/tools/bin/../lib/gcc/arm-none-eabi/9.2.1/../../../../arm-none-eabi/lib/thumb/v6-m/nofp\libcr_c.a(_fflush.o)
 .comment       0x00000079       0x7a c:/nxp/mcuxpressoide_11.2.0_4120/ide/plugins/com.nxp.mcuxpresso.tools.win32_11.2.0.202001021529/tools/bin/../lib/gcc/arm-none-eabi/9.2.1/../../../../arm-none-eabi/lib/thumb/v6-m/nofp\libcr_c.a(_frexpl.o)
 .comment       0x00000079       0x7a c:/nxp/mcuxpressoide_11.2.0_4120/ide/plugins/com.nxp.mcuxpresso.tools.win32_11.2.0.202001021529/tools/bin/../lib/gcc/arm-none-eabi/9.2.1/../../../../arm-none-eabi/lib/thumb/v6-m/nofp\libcr_c.a(_ldexpl.o)
 .comment       0x00000079       0x7a c:/nxp/mcuxpressoide_11.2.0_4120/ide/plugins/com.nxp.mcuxpresso.tools.win32_11.2.0.202001021529/tools/bin/../lib/gcc/arm-none-eabi/9.2.1/../../../../arm-none-eabi/lib/thumb/v6-m/nofp\libcr_c.a(_writebuf.o)
 .comment       0x00000079       0x7a c:/nxp/mcuxpressoide_11.2.0_4120/ide/plugins/com.nxp.mcuxpresso.tools.win32_11.2.0.202001021529/tools/bin/../lib/gcc/arm-none-eabi/9.2.1/../../../../arm-none-eabi/lib/thumb/v6-m/nofp\libcr_c.a(alloc.o)
 .comment       0x00000079       0x7a c:/nxp/mcuxpressoide_11.2.0_4120/ide/plugins/com.nxp.mcuxpresso.tools.win32_11.2.0.202001021529/tools/bin/../lib/gcc/arm-none-eabi/9.2.1/../../../../arm-none-eabi/lib/thumb/v6-m/nofp\libcr_c.a(ctype.o)
 .comment       0x00000079       0x7a c:/nxp/mcuxpressoide_11.2.0_4120/ide/plugins/com.nxp.mcuxpresso.tools.win32_11.2.0.202001021529/tools/bin/../lib/gcc/arm-none-eabi/9.2.1/../../../../arm-none-eabi/lib/thumb/v6-m/nofp\libcr_c.a(errno.o)
 .comment       0x00000079       0x7a c:/nxp/mcuxpressoide_11.2.0_4120/ide/plugins/com.nxp.mcuxpresso.tools.win32_11.2.0.202001021529/tools/bin/../lib/gcc/arm-none-eabi/9.2.1/../../../../arm-none-eabi/lib/thumb/v6-m/nofp\libcr_c.a(fclose.o)
 .comment       0x00000079       0x7a c:/nxp/mcuxpressoide_11.2.0_4120/ide/plugins/com.nxp.mcuxpresso.tools.win32_11.2.0.202001021529/tools/bin/../lib/gcc/arm-none-eabi/9.2.1/../../../../arm-none-eabi/lib/thumb/v6-m/nofp\libcr_c.a(fflush.o)
 .comment       0x00000079       0x7a c:/nxp/mcuxpressoide_11.2.0_4120/ide/plugins/com.nxp.mcuxpresso.tools.win32_11.2.0.202001021529/tools/bin/../lib/gcc/arm-none-eabi/9.2.1/../../../../arm-none-eabi/lib/thumb/v6-m/nofp\libcr_c.a(fseek.o)