sysctl_11xx.h:159:20:Chip_SYSCTL_AssertPeriphReset	16	static
sysctl_11xx.h:169:20:Chip_SYSCTL_DeassertPeriphReset	16	static
sysctl_11xx.h:179:20:Chip_SYSCTL_PeriphReset	16	static
clock_11xx.h:295:20:Chip_Clock_EnablePeriphClock	16	static
clock_11xx.h:305:20:Chip_Clock_DisablePeriphClock	16	static
i2cm_11xx.h:130:20:Chip_I2CM_SetDutyCycle	16	static
i2cm_11xx.h:156:20:Chip_I2CM_SendStart	16	static
i2cm_11xx.h:167:20:Chip_I2CM_ResetControl	16	static
i2cm_11xx.h:183:20:Chip_I2CM_WriteByte	16	static
i2cm_11xx.h:196:23:Chip_I2CM_ReadByte	16	static
i2cm_11xx.h:265:24:Chip_I2CM_StateChanged	16	static
i2cm_11xx.h:276:20:Chip_I2CM_ClearSI	16	static
i2cm_11xx.h:300:24:Chip_I2CM_GetCurState	16	static
i2cm_11xx.c:54:6:Chip_I2CM_Init	16	static
i2cm_11xx.c:64:6:Chip_I2CM_DeInit	16	static
i2cm_11xx.c:71:6:Chip_I2CM_SetBusSpeed	24	static
i2cm_11xx.c:79:10:Chip_I2CM_XferHandler	24	static
i2cm_11xx.c:161:6:Chip_I2CM_Xfer	16	static
i2cm_11xx.c:172:10:Chip_I2CM_XferBlocking	24	static
i2cm_11xx.c:188:10:Chip_I2CM_Write	32	static
i2cm_11xx.c:225:10:Chip_I2CM_Read	40	static
