fmc_11xx.h:85:20:Chip_FMC_SetFLASHAccess	24	static
clock_11xx.h:54:20:Chip_Clock_SetupSystemPLL	16	static
clock_11xx.h:63:20:Chip_Clock_IsSystemPLLLocked	8	static
clock_11xx.h:99:20:Chip_Clock_SetupUSBPLL	16	static
clock_11xx.h:108:20:Chip_Clock_IsUSBPLLLocked	8	static
clock_11xx.h:220:20:Chip_Clock_SetSysClockDiv	16	static
clock_11xx.h:295:20:Chip_Clock_EnablePeriphClock	16	static
board_sysinit.c:88:13:SystemSetupClocking	16	static
board_sysinit.c:143:13:SystemSetupMuxing	24	static
board_sysinit.c:161:6:Board_SystemInit	8	static
