uart_11xx.h:299:20:Chip_UART_TXEnable	16	static
uart_11xx.h:403:20:Chip_UART_SetupFIFOS	16	static
uart_11xx.h:418:20:Chip_UART_ConfigData	16	static
gpio_11xx_1.h:100:20:Chip_GPIO_SetPinState	24	static
gpio_11xx_1.h:126:20:Chip_GPIO_GetPinState	16	static
gpio_11xx_1.h:151:20:Chip_GPIO_SetPinDIROutput	16	static
gpio_11xx_1.h:163:20:Chip_GPIO_SetPinDIRInput	16	static
gpio_11xx_1.h:447:20:Chip_GPIO_SetPinToggle	16	static
libconfig-arm.h:247:5:__sys_write	32	static
libconfig-arm.h:241:5:__sys_readc	16	static
board.c:61:6:Board_UARTPutChar	16	static
board.c:69:5:Board_UARTGetChar	16	static
board.c:82:6:Board_UARTPutSTR	16	static
board.c:92:6:Board_Debug_Init	8	static
board.c:112:13:Board_LED_Init	16	static
board.c:124:6:Board_LED_Set	16	static
board.c:133:6:Board_LED_Test	32	static
board.c:144:6:Board_LED_Toggle	16	static
board.c:153:6:Board_Init	8	static
board.c:166:6:Board_Buttons_Init	8	static
board.c:173:10:Buttons_GetStatus	16	static
board.c:193:6:Board_Joystick_Init	16	static
board.c:204:9:Joystick_GetStatus	16	static
board.c:219:6:Board_I2C_Init	16	static
